Component: ARM Compiler 5.06 update 7 (build 960) Tool: armlink [4d3601]

==============================================================================

Section Cross References

    stm32f4xx_adc.o(i.ADC_DeInit) refers to stm32f4xx_rcc.o(i.RCC_APB2PeriphResetCmd) for RCC_APB2PeriphResetCmd
    stm32f4xx_can.o(i.CAN_DeInit) refers to stm32f4xx_rcc.o(i.RCC_APB1PeriphResetCmd) for RCC_APB1PeriphResetCmd
    stm32f4xx_can.o(i.CAN_GetITStatus) refers to stm32f4xx_can.o(i.CheckITStatus) for CheckITStatus
    stm32f4xx_cryp.o(i.CRYP_DeInit) refers to stm32f4xx_rcc.o(i.RCC_AHB2PeriphResetCmd) for RCC_AHB2PeriphResetCmd
    stm32f4xx_cryp_aes.o(i.CRYP_AES_CBC) refers to stm32f4xx_cryp.o(i.CRYP_KeyStructInit) for CRYP_KeyStructInit
    stm32f4xx_cryp_aes.o(i.CRYP_AES_CBC) refers to stm32f4xx_cryp.o(i.CRYP_FIFOFlush) for CRYP_FIFOFlush
    stm32f4xx_cryp_aes.o(i.CRYP_AES_CBC) refers to stm32f4xx_cryp.o(i.CRYP_Init) for CRYP_Init
    stm32f4xx_cryp_aes.o(i.CRYP_AES_CBC) refers to stm32f4xx_cryp.o(i.CRYP_KeyInit) for CRYP_KeyInit
    stm32f4xx_cryp_aes.o(i.CRYP_AES_CBC) refers to stm32f4xx_cryp.o(i.CRYP_Cmd) for CRYP_Cmd
    stm32f4xx_cryp_aes.o(i.CRYP_AES_CBC) refers to stm32f4xx_cryp.o(i.CRYP_GetFlagStatus) for CRYP_GetFlagStatus
    stm32f4xx_cryp_aes.o(i.CRYP_AES_CBC) refers to stm32f4xx_cryp.o(i.CRYP_IVInit) for CRYP_IVInit
    stm32f4xx_cryp_aes.o(i.CRYP_AES_CBC) refers to stm32f4xx_cryp.o(i.CRYP_GetCmdStatus) for CRYP_GetCmdStatus
    stm32f4xx_cryp_aes.o(i.CRYP_AES_CBC) refers to stm32f4xx_cryp.o(i.CRYP_DataIn) for CRYP_DataIn
    stm32f4xx_cryp_aes.o(i.CRYP_AES_CBC) refers to stm32f4xx_cryp.o(i.CRYP_DataOut) for CRYP_DataOut
    stm32f4xx_cryp_aes.o(i.CRYP_AES_CCM) refers to stm32f4xx_cryp.o(i.CRYP_KeyStructInit) for CRYP_KeyStructInit
    stm32f4xx_cryp_aes.o(i.CRYP_AES_CCM) refers to stm32f4xx_cryp.o(i.CRYP_FIFOFlush) for CRYP_FIFOFlush
    stm32f4xx_cryp_aes.o(i.CRYP_AES_CCM) refers to stm32f4xx_cryp.o(i.CRYP_KeyInit) for CRYP_KeyInit
    stm32f4xx_cryp_aes.o(i.CRYP_AES_CCM) refers to stm32f4xx_cryp.o(i.CRYP_IVInit) for CRYP_IVInit
    stm32f4xx_cryp_aes.o(i.CRYP_AES_CCM) refers to stm32f4xx_cryp.o(i.CRYP_Init) for CRYP_Init
    stm32f4xx_cryp_aes.o(i.CRYP_AES_CCM) refers to stm32f4xx_cryp.o(i.CRYP_PhaseConfig) for CRYP_PhaseConfig
    stm32f4xx_cryp_aes.o(i.CRYP_AES_CCM) refers to stm32f4xx_cryp.o(i.CRYP_DataIn) for CRYP_DataIn
    stm32f4xx_cryp_aes.o(i.CRYP_AES_CCM) refers to stm32f4xx_cryp.o(i.CRYP_Cmd) for CRYP_Cmd
    stm32f4xx_cryp_aes.o(i.CRYP_AES_CCM) refers to stm32f4xx_cryp.o(i.CRYP_GetCmdStatus) for CRYP_GetCmdStatus
    stm32f4xx_cryp_aes.o(i.CRYP_AES_CCM) refers to stm32f4xx_cryp.o(i.CRYP_GetFlagStatus) for CRYP_GetFlagStatus
    stm32f4xx_cryp_aes.o(i.CRYP_AES_CCM) refers to stm32f4xx_cryp.o(i.CRYP_DataOut) for CRYP_DataOut
    stm32f4xx_cryp_aes.o(i.CRYP_AES_CTR) refers to stm32f4xx_cryp.o(i.CRYP_KeyStructInit) for CRYP_KeyStructInit
    stm32f4xx_cryp_aes.o(i.CRYP_AES_CTR) refers to stm32f4xx_cryp.o(i.CRYP_KeyInit) for CRYP_KeyInit
    stm32f4xx_cryp_aes.o(i.CRYP_AES_CTR) refers to stm32f4xx_cryp.o(i.CRYP_Init) for CRYP_Init
    stm32f4xx_cryp_aes.o(i.CRYP_AES_CTR) refers to stm32f4xx_cryp.o(i.CRYP_IVInit) for CRYP_IVInit
    stm32f4xx_cryp_aes.o(i.CRYP_AES_CTR) refers to stm32f4xx_cryp.o(i.CRYP_FIFOFlush) for CRYP_FIFOFlush
    stm32f4xx_cryp_aes.o(i.CRYP_AES_CTR) refers to stm32f4xx_cryp.o(i.CRYP_Cmd) for CRYP_Cmd
    stm32f4xx_cryp_aes.o(i.CRYP_AES_CTR) refers to stm32f4xx_cryp.o(i.CRYP_GetCmdStatus) for CRYP_GetCmdStatus
    stm32f4xx_cryp_aes.o(i.CRYP_AES_CTR) refers to stm32f4xx_cryp.o(i.CRYP_DataIn) for CRYP_DataIn
    stm32f4xx_cryp_aes.o(i.CRYP_AES_CTR) refers to stm32f4xx_cryp.o(i.CRYP_GetFlagStatus) for CRYP_GetFlagStatus
    stm32f4xx_cryp_aes.o(i.CRYP_AES_CTR) refers to stm32f4xx_cryp.o(i.CRYP_DataOut) for CRYP_DataOut
    stm32f4xx_cryp_aes.o(i.CRYP_AES_ECB) refers to stm32f4xx_cryp.o(i.CRYP_KeyStructInit) for CRYP_KeyStructInit
    stm32f4xx_cryp_aes.o(i.CRYP_AES_ECB) refers to stm32f4xx_cryp.o(i.CRYP_FIFOFlush) for CRYP_FIFOFlush
    stm32f4xx_cryp_aes.o(i.CRYP_AES_ECB) refers to stm32f4xx_cryp.o(i.CRYP_Init) for CRYP_Init
    stm32f4xx_cryp_aes.o(i.CRYP_AES_ECB) refers to stm32f4xx_cryp.o(i.CRYP_KeyInit) for CRYP_KeyInit
    stm32f4xx_cryp_aes.o(i.CRYP_AES_ECB) refers to stm32f4xx_cryp.o(i.CRYP_Cmd) for CRYP_Cmd
    stm32f4xx_cryp_aes.o(i.CRYP_AES_ECB) refers to stm32f4xx_cryp.o(i.CRYP_GetFlagStatus) for CRYP_GetFlagStatus
    stm32f4xx_cryp_aes.o(i.CRYP_AES_ECB) refers to stm32f4xx_cryp.o(i.CRYP_GetCmdStatus) for CRYP_GetCmdStatus
    stm32f4xx_cryp_aes.o(i.CRYP_AES_ECB) refers to stm32f4xx_cryp.o(i.CRYP_DataIn) for CRYP_DataIn
    stm32f4xx_cryp_aes.o(i.CRYP_AES_ECB) refers to stm32f4xx_cryp.o(i.CRYP_DataOut) for CRYP_DataOut
    stm32f4xx_cryp_aes.o(i.CRYP_AES_GCM) refers to stm32f4xx_cryp.o(i.CRYP_KeyStructInit) for CRYP_KeyStructInit
    stm32f4xx_cryp_aes.o(i.CRYP_AES_GCM) refers to stm32f4xx_cryp.o(i.CRYP_FIFOFlush) for CRYP_FIFOFlush
[...]
    _printf_f                                0x08000249   Thumb Code     0  _printf_f.o(.ARM.Collect$$_printf_percent$$00000003)
    _printf_e                                0x0800024f   Thumb Code     0  _printf_e.o(.ARM.Collect$$_printf_percent$$00000004)
    _printf_g                                0x08000255   Thumb Code     0  _printf_g.o(.ARM.Collect$$_printf_percent$$00000005)
    _printf_a                                0x0800025b   Thumb Code     0  _printf_a.o(.ARM.Collect$$_printf_percent$$00000006)
    _printf_ll                               0x08000261   Thumb Code     0  _printf_ll.o(.ARM.Collect$$_printf_percent$$00000007)
    _printf_i                                0x0800026b   Thumb Code     0  _printf_i.o(.ARM.Collect$$_printf_percent$$00000008)
    _printf_d                                0x08000271   Thumb Code     0  _printf_d.o(.ARM.Collect$$_printf_percent$$00000009)
    _printf_u                                0x08000277   Thumb Code     0  _printf_u.o(.ARM.Collect$$_printf_percent$$0000000A)
    _printf_o                                0x0800027d   Thumb Code     0  _printf_o.o(.ARM.Collect$$_printf_percent$$0000000B)
    _printf_x                                0x08000283   Thumb Code     0  _printf_x.o(.ARM.Collect$$_printf_percent$$0000000C)
    _printf_lli                              0x08000289   Thumb Code     0  _printf_lli.o(.ARM.Collect$$_printf_percent$$0000000D)
    _printf_lld                              0x0800028f   Thumb Code     0  _printf_lld.o(.ARM.Collect$$_printf_percent$$0000000E)
    _printf_llu                              0x08000295   Thumb Code     0  _printf_llu.o(.ARM.Collect$$_printf_percent$$0000000F)
    _printf_llo                              0x0800029b   Thumb Code     0  _printf_llo.o(.ARM.Collect$$_printf_percent$$00000010)
    _printf_llx                              0x080002a1   Thumb Code     0  _printf_llx.o(.ARM.Collect$$_printf_percent$$00000011)
    _printf_l                                0x080002a7   Thumb Code     0  _printf_l.o(.ARM.Collect$$_printf_percent$$00000012)
    _printf_c                                0x080002b1   Thumb Code     0  _printf_c.o(.ARM.Collect$$_printf_percent$$00000013)
    _printf_s                                0x080002b7   Thumb Code     0  _printf_s.o(.ARM.Collect$$_printf_percent$$00000014)
    _printf_lc                               0x080002bd   Thumb Code     0  _printf_lc.o(.ARM.Collect$$_printf_percent$$00000015)
    _printf_ls                               0x080002c3   Thumb Code     0  _printf_ls.o(.ARM.Collect$$_printf_percent$$00000016)
    _printf_percent_end                      0x080002c9   Thumb Code     0  _printf_percent_end.o(.ARM.Collect$$_printf_percent$$00000017)
    __rt_lib_init                            0x080002cd   Thumb Code     0  libinit.o(.ARM.Collect$$libinit$$00000000)
    __rt_lib_init_fp_1                       0x080002cf   Thumb Code     0  libinit2.o(.ARM.Collect$$libinit$$00000001)
    __rt_lib_init_heap_1                     0x080002d3   Thumb Code     0  libinit2.o(.ARM.Collect$$libinit$$0000000A)
    __rt_lib_init_lc_common                  0x080002d3   Thumb Code     0  libinit2.o(.ARM.Collect$$libinit$$0000000F)
    __rt_lib_init_preinit_1                  0x080002d3   Thumb Code     0  libinit2.o(.ARM.Collect$$libinit$$00000004)
    __rt_lib_init_rand_1                     0x080002d3   Thumb Code     0  libinit2.o(.ARM.Collect$$libinit$$0000000E)
    __rt_lib_init_user_alloc_1               0x080002d3   Thumb Code     0  libinit2.o(.ARM.Collect$$libinit$$0000000C)
    __rt_lib_init_lc_collate_1               0x080002d9   Thumb Code     0  libinit2.o(.ARM.Collect$$libinit$$00000011)
    __rt_lib_init_lc_ctype_2                 0x080002d9   Thumb Code     0  libinit2.o(.ARM.Collect$$libinit$$00000012)
    __rt_lib_init_lc_ctype_1                 0x080002e5   Thumb Code     0  libinit2.o(.ARM.Collect$$libinit$$00000013)
    __rt_lib_init_lc_monetary_1              0x080002e5   Thumb Code     0  libinit2.o(.ARM.Collect$$libinit$$00000015)
    __rt_lib_init_lc_numeric_2               0x080002e5   Thumb Code     0  libinit2.o(.ARM.Collect$$libinit$$00000016)
    __rt_lib_init_alloca_1                   0x080002ef   Thumb Code     0  libinit2.o(.ARM.Collect$$libinit$$0000002E)
    __rt_lib_init_argv_1                     0x080002ef   Thumb Code     0  libinit2.o(.ARM.Collect$$libinit$$0000002C)
    __rt_lib_init_atexit_1                   0x080002ef   Thumb Code     0  libinit2.o(.ARM.Collect$$libinit$$0000001B)
    __rt_lib_init_clock_1                    0x080002ef   Thumb Code     0  libinit2.o(.ARM.Collect$$libinit$$00000021)
    __rt_lib_init_cpp_1                      0x080002ef   Thumb Code     0  libinit2.o(.ARM.Collect$$libinit$$00000032)
    __rt_lib_init_exceptions_1               0x080002ef   Thumb Code     0  libinit2.o(.ARM.Collect$$libinit$$00000030)
    __rt_lib_init_fp_trap_1                  0x080002ef   Thumb Code     0  libinit2.o(.ARM.Collect$$libinit$$0000001F)
    __rt_lib_init_getenv_1                   0x080002ef   Thumb Code     0  libinit2.o(.ARM.Collect$$libinit$$00000023)
    __rt_lib_init_lc_numeric_1               0x080002ef   Thumb Code     0  libinit2.o(.ARM.Collect$$libinit$$00000017)
    __rt_lib_init_lc_time_1                  0x080002ef   Thumb Code     0  libinit2.o(.ARM.Collect$$libinit$$00000019)
    __rt_lib_init_return                     0x080002ef   Thumb Code     0  libinit2.o(.ARM.Collect$$libinit$$00000033)
    __rt_lib_init_signal_1                   0x080002ef   Thumb Code     0  libinit2.o(.ARM.Collect$$libinit$$0000001D)
    __rt_lib_init_stdio_1                    0x080002ef   Thumb Code     0  libinit2.o(.ARM.Collect$$libinit$$00000025)
    __rt_lib_shutdown                        0x080002f1   Thumb Code     0  libshutdown.o(.ARM.Collect$$libshutdown$$00000000)
    __rt_lib_shutdown_cpp_1                  0x080002f3   Thumb Code     0  libshutdown2.o(.ARM.Collect$$libshutdown$$00000004)
    __rt_lib_shutdown_fini_1                 0x080002f3   Thumb Code     0  libshutdown2.o(.ARM.Collect$$libshutdown$$00000002)
    __rt_lib_shutdown_fp_trap_1              0x080002f3   Thumb Code     0  libshutdown2.o(.ARM.Collect$$libshutdown$$00000009)
    __rt_lib_shutdown_heap_1                 0x080002f3   Thumb Code     0  libshutdown2.o(.ARM.Collect$$libshutdown$$00000011)
    __rt_lib_shutdown_return                 0x080002f3   Thumb Code     0  libshutdown2.o(.ARM.Collect$$libshutdown$$00000012)
    __rt_lib_shutdown_signal_1               0x080002f3   Thumb Code     0  libshutdown2.o(.ARM.Collect$$libshutdown$$0000000C)
    __rt_lib_shutdown_stdio_1                0x080002f3   Thumb Code     0  libshutdown2.o(.ARM.Collect$$libshutdown$$00000006)
    __rt_lib_shutdown_user_alloc_1           0x080002f3   Thumb Code     0  libshutdown2.o(.ARM.Collect$$libshutdown$$0000000E)
    __rt_entry                               0x080002f5   Thumb Code     0  __rtentry.o(.ARM.Collect$$rtentry$$00000000)
    __rt_entry_presh_1                       0x080002f5   Thumb Code     0  __rtentry2.o(.ARM.Collect$$rtentry$$00000002)
    __rt_entry_sh                            0x080002f5   Thumb Code     0  __rtentry4.o(.ARM.Collect$$rtentry$$00000004)
    __rt_entry_li                            0x080002fb   Thumb Code     0  __rtentry2.o(.ARM.Collect$$rtentry$$0000000A)
    __rt_entry_postsh_1                      0x080002fb   Thumb Code     0  __rtentry2.o(.ARM.Collect$$rtentry$$00000009)
    __rt_entry_main                          0x080002ff   Thumb Code     0  __rtentry2.o(.ARM.Collect$$rtentry$$0000000D)
    __rt_entry_postli_1                      0x080002ff   Thumb Code     0  __rtentry2.o(.ARM.Collect$$rtentry$$0000000C)
    __rt_exit                                0x08000307   Thumb Code     0  rtexit.o(.ARM.Collect$$rtexit$$00000000)
    __rt_exit_ls                             0x08000309   Thumb Code     0  rtexit2.o(.ARM.Collect$$rtexit$$00000003)
    __rt_exit_prels_1                        0x08000309   Thumb Code     0  rtexit2.o(.ARM.Collect$$rtexit$$00000002)
    __rt_exit_exit                           0x0800030d   Thumb Code     0  rtexit2.o(.ARM.Collect$$rtexit$$00000004)
    Reset_Handler                            0x08000315   Thumb Code     8  startup_stm32f40_41xxx.o(.text)
    ADC_IRQHandler                           0x0800032f   Thumb Code     0  startup_stm32f40_41xxx.o(.text)
    CAN1_SCE_IRQHandler                      0x0800032f   Thumb Code     0  startup_stm32f40_41xxx.o(.text)
    CAN2_SCE_IRQHandler                      0x0800032f   Thumb Code     0  startup_stm32f40_41xxx.o(.text)
    CRYP_IRQHandler                          0x0800032f   Thumb Code     0  startup_stm32f40_41xxx.o(.text)
    DCMI_IRQHandler                          0x0800032f   Thumb Code     0  startup_stm32f40_41xxx.o(.text)
    DMA1_Stream0_IRQHandler                  0x0800032f   Thumb Code     0  startup_stm32f40_41xxx.o(.text)
    DMA1_Stream1_IRQHandler                  0x0800032f   Thumb Code     0  startup_stm32f40_41xxx.o(.text)
    DMA1_Stream2_IRQHandler                  0x0800032f   Thumb Code     0  startup_stm32f40_41xxx.o(.text)
    DMA1_Stream3_IRQHandler                  0x0800032f   Thumb Code     0  startup_stm32f40_41xxx.o(.text)
    DMA1_Stream4_IRQHandler                  0x0800032f   Thumb Code     0  startup_stm32f40_41xxx.o(.text)
    DMA1_Stream5_IRQHandler                  0x0800032f   Thumb Code     0  startup_stm32f40_41xxx.o(.text)
    DMA1_Stream7_IRQHandler                  0x0800032f   Thumb Code     0  startup_stm32f40_41xxx.o(.text)
    DMA2_Stream0_IRQHandler                  0x0800032f   Thumb Code     0  startup_stm32f40_41xxx.o(.text)
    DMA2_Stream1_IRQHandler                  0x0800032f   Thumb Code     0  startup_stm32f40_41xxx.o(.text)
    DMA2_Stream2_IRQHandler                  0x0800032f   Thumb Code     0  startup_stm32f40_41xxx.o(.text)
    DMA2_Stream3_IRQHandler                  0x0800032f   Thumb Code     0  startup_stm32f40_41xxx.o(.text)
    DMA2_Stream4_IRQHandler                  0x0800032f   Thumb Code     0  startup_stm32f40_41xxx.o(.text)
    DMA2_Stream5_IRQHandler                  0x0800032f   Thumb Code     0  startup_stm32f40_41xxx.o(.text)
    DMA2_Stream6_IRQHandler                  0x0800032f   Thumb Code     0  startup_stm32f40_41xxx.o(.text)
    DMA2_Stream7_IRQHandler                  0x0800032f   Thumb Code     0  startup_stm32f40_41xxx.o(.text)
    ETH_IRQHandler                           0x0800032f   Thumb Code     0  startup_stm32f40_41xxx.o(.text)
    ETH_WKUP_IRQHandler                      0x0800032f   Thumb Code     0  startup_stm32f40_41xxx.o(.text)
    EXTI0_IRQHandler                         0x0800032f   Thumb Code     0  startup_stm32f40_41xxx.o(.text)
    EXTI1_IRQHandler                         0x0800032f   Thumb Code     0  startup_stm32f40_41xxx.o(.text)
    EXTI2_IRQHandler                         0x0800032f   Thumb Code     0  startup_stm32f40_41xxx.o(.text)
    EXTI3_IRQHandler                         0x0800032f   Thumb Code     0  startup_stm32f40_41xxx.o(.text)
    EXTI4_IRQHandler                         0x0800032f   Thumb Code     0  startup_stm32f40_41xxx.o(.text)
    FLASH_IRQHandler                         0x0800032f   Thumb Code     0  startup_stm32f40_41xxx.o(.text)
    FPU_IRQHandler                           0x0800032f   Thumb Code     0  startup_stm32f40_41xxx.o(.text)
    FSMC_IRQHandler                          0x0800032f   Thumb Code     0  startup_stm32f40_41xxx.o(.text)
    HASH_RNG_IRQHandler                      0x0800032f   Thumb Code     0  startup_stm32f40_41xxx.o(.text)
    I2C1_ER_IRQHandler                       0x0800032f   Thumb Code     0  startup_stm32f40_41xxx.o(.text)
    I2C1_EV_IRQHandler                       0x0800032f   Thumb Code     0  startup_stm32f40_41xxx.o(.text)
    I2C2_ER_IRQHandler                       0x0800032f   Thumb Code     0  startup_stm32f40_41xxx.o(.text)
    I2C2_EV_IRQHandler                       0x0800032f   Thumb Code     0  startup_stm32f40_41xxx.o(.text)
    I2C3_ER_IRQHandler                       0x0800032f   Thumb Code     0  startup_stm32f40_41xxx.o(.text)
    I2C3_EV_IRQHandler                       0x0800032f   Thumb Code     0  startup_stm32f40_41xxx.o(.text)
    OTG_FS_IRQHandler                        0x0800032f   Thumb Code     0  startup_stm32f40_41xxx.o(.text)
    OTG_FS_WKUP_IRQHandler                   0x0800032f   Thumb Code     0  startup_stm32f40_41xxx.o(.text)
    OTG_HS_EP1_IN_IRQHandler                 0x0800032f   Thumb Code     0  startup_stm32f40_41xxx.o(.text)
    OTG_HS_EP1_OUT_IRQHandler                0x0800032f   Thumb Code     0  startup_stm32f40_41xxx.o(.text)
    OTG_HS_IRQHandler                        0x0800032f   Thumb Code     0  startup_stm32f40_41xxx.o(.text)
    OTG_HS_WKUP_IRQHandler                   0x0800032f   Thumb Code     0  startup_stm32f40_41xxx.o(.text)
    PVD_IRQHandler                           0x0800032f   Thumb Code     0  startup_stm32f40_41xxx.o(.text)
    RCC_IRQHandler                           0x0800032f   Thumb Code     0  startup_stm32f40_41xxx.o(.text)
    RTC_Alarm_IRQHandler                     0x0800032f   Thumb Code     0  startup_stm32f40_41xxx.o(.text)
    RTC_WKUP_IRQHandler                      0x0800032f   Thumb Code     0  startup_stm32f40_41xxx.o(.text)
    SDIO_IRQHandler                          0x0800032f   Thumb Code     0  startup_stm32f40_41xxx.o(.text)
    SPI1_IRQHandler                          0x0800032f   Thumb Code     0  startup_stm32f40_41xxx.o(.text)
    SPI2_IRQHandler                          0x0800032f   Thumb Code     0  startup_stm32f40_41xxx.o(.text)
    SPI3_IRQHandler                          0x0800032f   Thumb Code     0  startup_stm32f40_41xxx.o(.text)
    TAMP_STAMP_IRQHandler                    0x0800032f   Thumb Code     0  startup_stm32f40_41xxx.o(.text)
    TIM1_CC_IRQHandler                       0x0800032f   Thumb Code     0  startup_stm32f40_41xxx.o(.text)
    TIM1_TRG_COM_TIM11_IRQHandler            0x0800032f   Thumb Code     0  startup_stm32f40_41xxx.o(.text)
    TIM1_UP_TIM10_IRQHandler                 0x0800032f   Thumb Code     0  startup_stm32f40_41xxx.o(.text)
    TIM2_IRQHandler                          0x0800032f   Thumb Code     0  startup_stm32f40_41xxx.o(.text)
    TIM4_IRQHandler                          0x0800032f   Thumb Code     0  startup_stm32f40_41xxx.o(.text)
    TIM5_IRQHandler                          0x0800032f   Thumb Code     0  startup_stm32f40_41xxx.o(.text)
    TIM6_DAC_IRQHandler                      0x0800032f   Thumb Code     0  startup_stm32f40_41xxx.o(.text)
    TIM7_IRQHandler                          0x0800032f   Thumb Code     0  startup_stm32f40_41xxx.o(.text)
    TIM8_BRK_TIM12_IRQHandler                0x0800032f   Thumb Code     0  startup_stm32f40_41xxx.o(.text)
    TIM8_CC_IRQHandler                       0x0800032f   Thumb Code     0  startup_stm32f40_41xxx.o(.text)
    TIM8_TRG_COM_TIM14_IRQHandler            0x0800032f   Thumb Code     0  startup_stm32f40_41xxx.o(.text)
    TIM8_UP_TIM13_IRQHandler                 0x0800032f   Thumb Code     0  startup_stm32f40_41xxx.o(.text)
    UART4_IRQHandler                         0x0800032f   Thumb Code     0  startup_stm32f40_41xxx.o(.text)
    UART5_IRQHandler                         0x0800032f   Thumb Code     0  startup_stm32f40_41xxx.o(.text)
    USART2_IRQHandler                        0x0800032f   Thumb Code     0  startup_stm32f40_41xxx.o(.text)
    USART6_IRQHandler                        0x0800032f   Thumb Code     0  startup_stm32f40_41xxx.o(.text)
    WWDG_IRQHandler                          0x0800032f   Thumb Code     0  startup_stm32f40_41xxx.o(.text)
    __user_initial_stackheap                 0x08000331   Thumb Code     0  startup_stm32f40_41xxx.o(.text)
    __aeabi_uldivmod                         0x08000351   Thumb Code     0  lludivv7m.o(.text)
    _ll_udiv                                 0x08000351   Thumb Code   238  lludivv7m.o(.text)
    __aeabi_ldivmod                          0x0800043f   Thumb Code     0  llsdiv.o(.text)
    _ll_sdiv                                 0x0800043f   Thumb Code    72  llsdiv.o(.text)
    vsprintf                                 0x08000489   Thumb Code    32  vsprintf.o(.text)
    __use_two_region_memory                  0x080004ad   Thumb Code     2  heapauxi.o(.text)
    __rt_heap_escrow$2region                 0x080004af   Thumb Code     2  heapauxi.o(.text)
    __rt_heap_expand$2region                 0x080004b1   Thumb Code     2  heapauxi.o(.text)
    _printf_pre_padding                      0x080004b3   Thumb Code    44  _printf_pad.o(.text)
    _printf_post_padding                     0x080004df   Thumb Code    34  _printf_pad.o(.text)
    _printf_truncate_signed                  0x08000501   Thumb Code    18  _printf_truncate.o(.text)
    _printf_truncate_unsigned                0x08000513   Thumb Code    18  _printf_truncate.o(.text)
    _printf_str                              0x08000525   Thumb Code    82  _printf_str.o(.text)
    _printf_int_dec                          0x08000579   Thumb Code   104  _printf_dec.o(.text)
    _printf_charcount                        0x080005f1   Thumb Code    40  _printf_charcount.o(.text)
    _printf_char_common                      0x08000623   Thumb Code    32  _printf_char_common.o(.text)
    _sputc                                   0x08000649   Thumb Code    10  _sputc.o(.text)
    _printf_wctomb                           0x08000655   Thumb Code   182  _printf_wctomb.o(.text)
    _printf_longlong_dec                     0x08000711   Thumb Code   108  _printf_longlong_dec.o(.text)
    _printf_longlong_oct                     0x0800078d   Thumb Code    66  _printf_oct_int_ll.o(.text)
    _printf_int_oct                          0x080007cf   Thumb Code    24  _printf_oct_int_ll.o(.text)
    _printf_ll_oct                           0x080007e7   Thumb Code    12  _printf_oct_int_ll.o(.text)
    _printf_longlong_hex                     0x080007fd   Thumb Code    86  _printf_hex_int_ll_ptr.o(.text)
    _printf_int_hex                          0x08000853   Thumb Code    28  _printf_hex_int_ll_ptr.o(.text)
    _printf_ll_hex                           0x0800086f   Thumb Code    12  _printf_hex_int_ll_ptr.o(.text)
    _printf_hex_ptr                          0x0800087b   Thumb Code    18  _printf_hex_int_ll_ptr.o(.text)
    __printf                                 0x08000891   Thumb Code   388  __printf_flags_ss_wp.o(.text)
    _ll_udiv10                               0x08000a19   Thumb Code   138  lludiv10.o(.text)
    _printf_int_common                       0x08000aa3   Thumb Code   178  _printf_intcommon.o(.text)
    __lib_sel_fp_printf                      0x08000b55   Thumb Code     2  _printf_fp_dec.o(.text)
    _printf_fp_dec_real                      0x08000d07   Thumb Code   620  _printf_fp_dec.o(.text)
    _printf_fp_hex_real                      0x08000f75   Thumb Code   756  _printf_fp_hex.o(.text)
    _printf_cs_common                        0x08001271   Thumb Code    20  _printf_char.o(.text)
    _printf_char                             0x08001285   Thumb Code    16  _printf_char.o(.text)
    _printf_string                           0x08001295   Thumb Code     8  _printf_char.o(.text)
    _printf_lcs_common                       0x0800129d   Thumb Code    20  _printf_wchar.o(.text)
    _printf_wchar                            0x080012b1   Thumb Code    16  _printf_wchar.o(.text)
    _printf_wstring                          0x080012c1   Thumb Code     8  _printf_wchar.o(.text)
    _wcrtomb                                 0x080012c9   Thumb Code    64  _wcrtomb.o(.text)
    __user_libspace                          0x08001309   Thumb Code     8  libspace.o(.text)
    __user_perproc_libspace                  0x08001309   Thumb Code     0  libspace.o(.text)
    __user_perthread_libspace                0x08001309   Thumb Code     0  libspace.o(.text)
    __user_setup_stackheap                   0x08001311   Thumb Code    74  sys_stackheap_outer.o(.text)
    __rt_ctype_table                         0x0800135d   Thumb Code    16  rt_ctype_table.o(.text)
    __rt_locale                              0x0800136d   Thumb Code     8  rt_locale_intlibspace.o(.text)
    _printf_fp_infnan                        0x08001375   Thumb Code   112  _printf_fp_infnan.o(.text)
    _btod_etento                             0x080013f5   Thumb Code   224  bigflt0.o(.text)
    exit                                     0x080014d9   Thumb Code    18  exit.o(.text)
    strcmp                                   0x080014ed   Thumb Code   128  strcmpv7m.o(.text)
    _sys_exit                                0x0800156d   Thumb Code     8  sys_exit.o(.text)
    __I$use$semihosting                      0x08001579   Thumb Code     0  use_no_semi.o(.text)
    __use_no_semihosting_swi                 0x08001579   Thumb Code     2  use_no_semi.o(.text)
    __semihosting_library_function           0x0800157b   Thumb Code     0  indicate_semi.o(.text)
    _btod_d2e                                0x0800157b   Thumb Code    62  btod.o(CL$$btod_d2e)
    _d2e_denorm_low                          0x080015b9   Thumb Code    70  btod.o(CL$$btod_d2e_denorm_low)
    _d2e_norm_op1                            0x080015ff   Thumb Code    96  btod.o(CL$$btod_d2e_norm_op1)
    __btod_div_common                        0x0800165f   Thumb Code   696  btod.o(CL$$btod_div_common)
    _e2e                                     0x08001997   Thumb Code   220  btod.o(CL$$btod_e2e)
    _btod_ediv                               0x08001a73   Thumb Code    42  btod.o(CL$$btod_ediv)
    _btod_emul                               0x08001a9d   Thumb Code    42  btod.o(CL$$btod_emul)
    __btod_mult_common                       0x08001ac7   Thumb Code   580  btod.o(CL$$btod_mult_common)
    BusFault_Handler                         0x08001d0b   Thumb Code     4  stm32f4xx_it.o(i.BusFault_Handler)
    CAN1_RX0_IRQHandler                      0x08001d11   Thumb Code    82  can_protocol.o(i.CAN1_RX0_IRQHandler)
    CAN1_RX1_IRQHandler                      0x08001d71   Thumb Code    82  can_protocol.o(i.CAN1_RX1_IRQHandler)
    CAN1_TX_IRQHandler                       0x08001dd1   Thumb Code    28  can_protocol.o(i.CAN1_TX_IRQHandler)
    CAN2_RX0_IRQHandler                      0x08001df5   Thumb Code    88  can_protocol.o(i.CAN2_RX0_IRQHandler)
    CAN2_RX1_IRQHandler                      0x08001e59   Thumb Code    88  can_protocol.o(i.CAN2_RX1_IRQHandler)
    CAN2_TX_IRQHandler                       0x08001ebd   Thumb Code    28  can_protocol.o(i.CAN2_TX_IRQHandler)
    CAN_ClearITPendingBit                    0x08001ee1   Thumb Code   162  stm32f4xx_can.o(i.CAN_ClearITPendingBit)
    CAN_DeInit                               0x08001f89   Thumb Code    50  stm32f4xx_can.o(i.CAN_DeInit)
    CAN_FilterInit                           0x08001fc1   Thumb Code   258  stm32f4xx_can.o(i.CAN_FilterInit)
    CAN_GetITStatus                          0x080020c9   Thumb Code   284  stm32f4xx_can.o(i.CAN_GetITStatus)
    CAN_ITConfig                             0x080021e9   Thumb Code    18  stm32f4xx_can.o(i.CAN_ITConfig)
    CAN_Init                                 0x080021fb   Thumb Code   276  stm32f4xx_can.o(i.CAN_Init)
    CAN_Receive                              0x0800230f   Thumb Code   240  stm32f4xx_can.o(i.CAN_Receive)
    CAN_SlaveStartBank                       0x08002401   Thumb Code    48  stm32f4xx_can.o(i.CAN_SlaveStartBank)
    CAN_StructInit                           0x08002435   Thumb Code    32  stm32f4xx_can.o(i.CAN_StructInit)
    CRC_CalcBlockCRC                         0x08002455   Thumb Code    32  stm32f4xx_crc.o(i.CRC_CalcBlockCRC)
    CRC_ResetDR                              0x08002479   Thumb Code     8  stm32f4xx_crc.o(i.CRC_ResetDR)
    DMA1_Stream6_IRQHandler                  0x08002499   Thumb Code    56  garuda_transmit.o(i.DMA1_Stream6_IRQHandler)
    DMA_ClearITPendingBit                    0x080024e1   Thumb Code    38  stm32f4xx_dma.o(i.DMA_ClearITPendingBit)
    DMA_Cmd                                  0x08002515   Thumb Code    22  stm32f4xx_dma.o(i.DMA_Cmd)
    DMA_GetITStatus                          0x0800252d   Thumb Code    82  stm32f4xx_dma.o(i.DMA_GetITStatus)
    DMA_ITConfig                             0x08002591   Thumb Code    58  stm32f4xx_dma.o(i.DMA_ITConfig)
    DMA_Init                                 0x080025cd   Thumb Code    82  stm32f4xx_dma.o(i.DMA_Init)
    DebugMon_Handler                         0x08002625   Thumb Code     2  stm32f4xx_it.o(i.DebugMon_Handler)
    EXTI10_IRQHandler                        0x08002627   Thumb Code     2  gpio.o(i.EXTI10_IRQHandler)
    EXTI11_IRQHandler                        0x08002629   Thumb Code     2  gpio.o(i.EXTI11_IRQHandler)
    EXTI12_IRQHandler                        0x0800262b   Thumb Code     2  gpio.o(i.EXTI12_IRQHandler)
    EXTI13_IRQHandler                        0x0800262d   Thumb Code     2  gpio.o(i.EXTI13_IRQHandler)
    EXTI14_IRQHandler                        0x0800262f   Thumb Code     2  gpio.o(i.EXTI14_IRQHandler)
    EXTI15_10_IRQHandler                     0x08002631   Thumb Code    92  gpio.o(i.EXTI15_10_IRQHandler)
    EXTI15_IRQHandler                        0x08002691   Thumb Code     2  gpio.o(i.EXTI15_IRQHandler)
    EXTI5_IRQHandler                         0x08002693   Thumb Code     2  gpio.o(i.EXTI5_IRQHandler)
    EXTI6_IRQHandler                         0x08002695   Thumb Code     2  gpio.o(i.EXTI6_IRQHandler)
    EXTI7_IRQHandler                         0x08002697   Thumb Code     2  gpio.o(i.EXTI7_IRQHandler)
    EXTI8_IRQHandler                         0x08002699   Thumb Code     2  gpio.o(i.EXTI8_IRQHandler)
    EXTI9_5_IRQHandler                       0x0800269d   Thumb Code   152  gpio.o(i.EXTI9_5_IRQHandler)
    EXTI9_IRQHandler                         0x08002739   Thumb Code     2  gpio.o(i.EXTI9_IRQHandler)
    EXTI_ClearITPendingBit                   0x0800273d   Thumb Code     6  stm32f4xx_exti.o(i.EXTI_ClearITPendingBit)
    EXTI_Init                                0x08002749   Thumb Code   142  stm32f4xx_exti.o(i.EXTI_Init)
    GPIO_Init                                0x080027dd   Thumb Code   144  stm32f4xx_gpio.o(i.GPIO_Init)
    GPIO_PinAFConfig                         0x0800286d   Thumb Code    70  stm32f4xx_gpio.o(i.GPIO_PinAFConfig)
    GPIO_ReadInputDataBit                    0x080028b3   Thumb Code    18  stm32f4xx_gpio.o(i.GPIO_ReadInputDataBit)
    GPIO_ResetBits                           0x080028c5   Thumb Code     4  stm32f4xx_gpio.o(i.GPIO_ResetBits)
    GPIO_SetBits                             0x080028c9   Thumb Code     4  stm32f4xx_gpio.o(i.GPIO_SetBits)
    GPIO_StructInit                          0x080028cd   Thumb Code    18  stm32f4xx_gpio.o(i.GPIO_StructInit)
    HardFault_Handler                        0x080028df   Thumb Code     4  stm32f4xx_it.o(i.HardFault_Handler)
    MemManage_Handler                        0x080028e3   Thumb Code     4  stm32f4xx_it.o(i.MemManage_Handler)
    NMI_Handler                              0x080028e7   Thumb Code     2  stm32f4xx_it.o(i.NMI_Handler)
    NVIC_Init                                0x080028e9   Thumb Code   106  misc.o(i.NVIC_Init)
    PendSV_Handler                           0x08002961   Thumb Code     2  stm32f4xx_it.o(i.PendSV_Handler)
    RCC_AHB1PeriphClockCmd                   0x08002965   Thumb Code    26  stm32f4xx_rcc.o(i.RCC_AHB1PeriphClockCmd)
    RCC_APB1PeriphClockCmd                   0x08002985   Thumb Code    26  stm32f4xx_rcc.o(i.RCC_APB1PeriphClockCmd)
    RCC_APB1PeriphResetCmd                   0x080029a5   Thumb Code    26  stm32f4xx_rcc.o(i.RCC_APB1PeriphResetCmd)
    RCC_APB2PeriphClockCmd                   0x080029c5   Thumb Code    26  stm32f4xx_rcc.o(i.RCC_APB2PeriphClockCmd)
    RCC_GetClocksFreq                        0x080029e5   Thumb Code   214  stm32f4xx_rcc.o(i.RCC_GetClocksFreq)
    SPI_I2S_SendData                         0x08002acd   Thumb Code     4  stm32f4xx_spi.o(i.SPI_I2S_SendData)
    SVC_Handler                              0x08002ad1   Thumb Code     2  stm32f4xx_it.o(i.SVC_Handler)
    SYSCFG_EXTILineConfig                    0x08002ad5   Thumb Code    60  stm32f4xx_syscfg.o(i.SYSCFG_EXTILineConfig)
    Sqrt                                     0x08002c19   Thumb Code   160  approx_math.o(i.Sqrt)
    SysTick_Handler                          0x08002cbd   Thumb Code    22  ticks.o(i.SysTick_Handler)
    SystemCoreClockUpdate                    0x08002cdd   Thumb Code   170  system_stm32f4xx.o(i.SystemCoreClockUpdate)
    SystemInit                               0x08002d9d   Thumb Code    88  system_stm32f4xx.o(i.SystemInit)
    TIM1_BRK_TIM9_IRQHandler                 0x08002e05   Thumb Code    52  encoder.o(i.TIM1_BRK_TIM9_IRQHandler)
    TIM3_IRQHandler                          0x08002e41   Thumb Code    52  encoder.o(i.TIM3_IRQHandler)
    TIM_ClearITPendingBit                    0x08002e7d   Thumb Code     6  stm32f4xx_tim.o(i.TIM_ClearITPendingBit)
    TIM_GetCapture1                          0x08002e83   Thumb Code     6  stm32f4xx_tim.o(i.TIM_GetCapture1)
    TIM_GetCapture2                          0x08002e89   Thumb Code     6  stm32f4xx_tim.o(i.TIM_GetCapture2)
    TIM_GetITStatus                          0x08002e8f   Thumb Code    34  stm32f4xx_tim.o(i.TIM_GetITStatus)
    USART1_IRQHandler                        0x08002eb1   Thumb Code   104  uart.o(i.USART1_IRQHandler)
    USART3_IRQHandler                        0x08002f21   Thumb Code   102  uart.o(i.USART3_IRQHandler)
    USART_ClearITPendingBit                  0x08002f91   Thumb Code    30  stm32f4xx_usart.o(i.USART_ClearITPendingBit)
    USART_Cmd                                0x08002faf   Thumb Code    24  stm32f4xx_usart.o(i.USART_Cmd)
    USART_DMACmd                             0x08002fc7   Thumb Code    18  stm32f4xx_usart.o(i.USART_DMACmd)
    USART_GetFlagStatus                      0x08002fd9   Thumb Code    26  stm32f4xx_usart.o(i.USART_GetFlagStatus)
    USART_GetITStatus                        0x08002ff3   Thumb Code    84  stm32f4xx_usart.o(i.USART_GetITStatus)
    USART_ITConfig                           0x08003047   Thumb Code    74  stm32f4xx_usart.o(i.USART_ITConfig)
    USART_Init                               0x08003091   Thumb Code   204  stm32f4xx_usart.o(i.USART_Init)
    USART_ReceiveData                        0x08003165   Thumb Code    10  stm32f4xx_usart.o(i.USART_ReceiveData)
    UsageFault_Handler                       0x0800316f   Thumb Code     4  stm32f4xx_it.o(i.UsageFault_Handler)
    __ARM_fpclassify                         0x08003173   Thumb Code    48  fpclassify.o(i.__ARM_fpclassify)
    _is_digit                                0x080031a3   Thumb Code    14  __printf_wp.o(i._is_digit)
    bt_gar_rx_handler                        0x080031b1   Thumb Code    98  garuda_receiver.o(i.bt_gar_rx_handler)
    btn_init                                 0x08003235   Thumb Code    60  button.o(i.btn_init)
    btn_pressed                              0x08003275   Thumb Code    48  button.o(i.btn_pressed)
    can_init                                 0x08003561   Thumb Code   336  can_protocol.o(i.can_init)
    can_mb_feedback_update                   0x080036c9   Thumb Code   140  feedback.o(i.can_mb_feedback_update)
    can_rm_rx_handler1                       0x08003765   Thumb Code    58  feedback.o(i.can_rm_rx_handler1)
    can_rm_rx_handler2                       0x080037a9   Thumb Code    64  feedback.o(i.can_rm_rx_handler2)
    can_rm_rx_handler3                       0x080037f1   Thumb Code    64  feedback.o(i.can_rm_rx_handler3)
    can_rx_add_filter                        0x08003839   Thumb Code   134  can_protocol.o(i.can_rx_add_filter)
    can_rx_init                              0x080038cd   Thumb Code   126  can_protocol.o(i.can_rx_init)
    can_tx_enqueue                           0x08003955   Thumb Code   108  can_protocol.o(i.can_tx_enqueue)
    crystal_status_detector                  0x080039cd   Thumb Code   152  main.o(i.crystal_status_detector)
    feedback_init                            0x08003a6d   Thumb Code   128  feedback.o(i.feedback_init)
    feedback_motor_raw_reading               0x08003b0d   Thumb Code    42  feedback.o(i.feedback_motor_raw_reading)
    feedback_other_reading                   0x08003b3d   Thumb Code     2  feedback.o(i.feedback_other_reading)
    feedback_update                          0x08003b41   Thumb Code   144  feedback.o(i.feedback_update)
    gar_get_connection                       0x08003be5   Thumb Code    76  garuda_receiver.o(i.gar_get_connection)
    garuda_init                              0x08003c3d   Thumb Code   148  garuda_receiver.o(i.garuda_init)
    garuda_tft_init                          0x08003cdd   Thumb Code    20  garuda_tft.o(i.garuda_tft_init)
    garuda_transmit_init                     0x08003cf5   Thumb Code   150  garuda_transmit.o(i.garuda_transmit_init)
    get_can_id                               0x08003da1   Thumb Code    32  button.o(i.get_can_id)
    get_can_queue_size                       0x08003dc1   Thumb Code    44  can_protocol.o(i.get_can_queue_size)
    get_uart_queue_size                      0x08003e11   Thumb Code    44  uart.o(i.get_uart_queue_size)
    gpio_af_init                             0x08003e45   Thumb Code    70  gpio.o(i.gpio_af_init)
    gpio_input_init                          0x08003e8b   Thumb Code    36  gpio.o(i.gpio_input_init)
    gpio_output_init                         0x08003eaf   Thumb Code    48  gpio.o(i.gpio_output_init)
    gpio_rcc_init                            0x08003ee1   Thumb Code   130  gpio.o(i.gpio_rcc_init)
    led_control                              0x08003f7d   Thumb Code    42  led.o(i.led_control)
    led_init                                 0x08003fad   Thumb Code    56  led.o(i.led_init)
    led_toggle                               0x08003fe9   Thumb Code    24  led.o(i.led_toggle)
    main                                     0x08004005   Thumb Code   182  main.o(i.main)
    motor_basic_init                         0x080040d1   Thumb Code   304  motor_control.o(i.motor_basic_init)
    motor_control_independent                0x08004205   Thumb Code  2972  motor_control.o(i.motor_control_independent)
    motor_get_enc                            0x08004da5   Thumb Code    22  motor_control.o(i.motor_get_enc)
    motor_init                               0x08004dc1   Thumb Code   722  motor_control.o(i.motor_init)
    motor_set_vel                            0x080050a1   Thumb Code   248  motor_control.o(i.motor_set_vel)
    ticks_init                               0x080051fd   Thumb Code   116  ticks.o(i.ticks_init)
    uart_init                                0x08005281   Thumb Code   228  uart.o(i.uart_init)
    uart_interrupt_init                      0x08005369   Thumb Code     8  uart.o(i.uart_interrupt_init)
    uart_motor_feedback_update               0x08005375   Thumb Code    66  feedback.o(i.uart_motor_feedback_update)
    uart_tx                                  0x080053c9   Thumb Code    54  uart.o(i.uart_tx)
    uart_tx_byte                             0x08005401   Thumb Code    52  uart.o(i.uart_tx_byte)
    uart_tx_byte_blocking                    0x08005439   Thumb Code    42  uart.o(i.uart_tx_byte_blocking)
    _get_lc_numeric                          0x08005675   Thumb Code    44  lc_numeric_c.o(locale$$code)
    _get_lc_ctype                            0x080056a1   Thumb Code    44  lc_ctype_c.o(locale$$code)
    _fp_init                                 0x080056cd   Thumb Code    10  fpinit.o(x$fpl$fpinit)
    __fplib_config_fpu_vfp                   0x080056d5   Thumb Code     0  fpinit.o(x$fpl$fpinit)
    __fplib_config_pureend_doubles           0x080056d5   Thumb Code     0  fpinit.o(x$fpl$fpinit)
    _printf_fp_dec                           0x080056d7   Thumb Code     4  printf1.o(x$fpl$printf1)
    _printf_fp_hex                           0x080056db   Thumb Code     4  printf2.o(x$fpl$printf2)
    __I$use$fp                               0x080056de   Number         0  usenofp.o(x$fpl$usenofp)
    PA0                                      0x08005708   Data           8  gpio.o(.constdata)
    PA1                                      0x08005710   Data           8  gpio.o(.constdata)
    PA2                                      0x08005718   Data           8  gpio.o(.constdata)
    PA3                                      0x08005720   Data           8  gpio.o(.constdata)
    PA4                                      0x08005728   Data           8  gpio.o(.constdata)
    PA5                                      0x08005730   Data           8  gpio.o(.constdata)
    PA6                                      0x08005738   Data           8  gpio.o(.constdata)
    PA7                                      0x08005740   Data           8  gpio.o(.constdata)
    PA8                                      0x08005748   Data           8  gpio.o(.constdata)
    PA9                                      0x08005750   Data           8  gpio.o(.constdata)
    PA10                                     0x08005758   Data           8  gpio.o(.constdata)
    PA11                                     0x08005760   Data           8  gpio.o(.constdata)
    PA12                                     0x08005768   Data           8  gpio.o(.constdata)
    PA13                                     0x08005770   Data           8  gpio.o(.constdata)
    PA14                                     0x08005778   Data           8  gpio.o(.constdata)
    PA15                                     0x08005780   Data           8  gpio.o(.constdata)
    PB0                                      0x08005788   Data           8  gpio.o(.constdata)
    PB1                                      0x08005790   Data           8  gpio.o(.constdata)
    PB2                                      0x08005798   Data           8  gpio.o(.constdata)
    PB3                                      0x080057a0   Data           8  gpio.o(.constdata)
    PB4                                      0x080057a8   Data           8  gpio.o(.constdata)
    PB5                                      0x080057b0   Data           8  gpio.o(.constdata)
    PB6                                      0x080057b8   Data           8  gpio.o(.constdata)
    PB7                                      0x080057c0   Data           8  gpio.o(.constdata)
    PB8                                      0x080057c8   Data           8  gpio.o(.constdata)
    PB9                                      0x080057d0   Data           8  gpio.o(.constdata)
    PB10                                     0x080057d8   Data           8  gpio.o(.constdata)
    PB11                                     0x080057e0   Data           8  gpio.o(.constdata)
    PB12                                     0x080057e8   Data           8  gpio.o(.constdata)
    PB13                                     0x080057f0   Data           8  gpio.o(.constdata)
    PB14                                     0x080057f8   Data           8  gpio.o(.constdata)
    PB15                                     0x08005800   Data           8  gpio.o(.constdata)
    PC0                                      0x08005808   Data           8  gpio.o(.constdata)
    PC1                                      0x08005810   Data           8  gpio.o(.constdata)
    PC2                                      0x08005818   Data           8  gpio.o(.constdata)
    PC3                                      0x08005820   Data           8  gpio.o(.constdata)
    PC4                                      0x08005828   Data           8  gpio.o(.constdata)
    PC5                                      0x08005830   Data           8  gpio.o(.constdata)
    PC6                                      0x08005838   Data           8  gpio.o(.constdata)
    PC7                                      0x08005840   Data           8  gpio.o(.constdata)
    PC8                                      0x08005848   Data           8  gpio.o(.constdata)
    PC9                                      0x08005850   Data           8  gpio.o(.constdata)
    PC10                                     0x08005858   Data           8  gpio.o(.constdata)
    PC11                                     0x08005860   Data           8  gpio.o(.constdata)
    PC12                                     0x08005868   Data           8  gpio.o(.constdata)
    PC13                                     0x08005870   Data           8  gpio.o(.constdata)
    PC14                                     0x08005878   Data           8  gpio.o(.constdata)
    PC15                                     0x08005880   Data           8  gpio.o(.constdata)
    PD0                                      0x08005888   Data           8  gpio.o(.constdata)
    PD1                                      0x08005890   Data           8  gpio.o(.constdata)
    PD2                                      0x08005898   Data           8  gpio.o(.constdata)
    PD3                                      0x080058a0   Data           8  gpio.o(.constdata)
    PD4                                      0x080058a8   Data           8  gpio.o(.constdata)
    PD5                                      0x080058b0   Data           8  gpio.o(.constdata)
    PD6                                      0x080058b8   Data           8  gpio.o(.constdata)
    PD7                                      0x080058c0   Data           8  gpio.o(.constdata)
    PD8                                      0x080058c8   Data           8  gpio.o(.constdata)
    PD9                                      0x080058d0   Data           8  gpio.o(.constdata)
    PD10                                     0x080058d8   Data           8  gpio.o(.constdata)
    PD11                                     0x080058e0   Data           8  gpio.o(.constdata)
    PD12                                     0x080058e8   Data           8  gpio.o(.constdata)
    PD13                                     0x080058f0   Data           8  gpio.o(.constdata)
    PD14                                     0x080058f8   Data           8  gpio.o(.constdata)
    PD15                                     0x08005900   Data           8  gpio.o(.constdata)
    PE0                                      0x08005908   Data           8  gpio.o(.constdata)
    PE1                                      0x08005910   Data           8  gpio.o(.constdata)
    PE2                                      0x08005918   Data           8  gpio.o(.constdata)
    PE3                                      0x08005920   Data           8  gpio.o(.constdata)
    PE4                                      0x08005928   Data           8  gpio.o(.constdata)
    PE5                                      0x08005930   Data           8  gpio.o(.constdata)
    PE6                                      0x08005938   Data           8  gpio.o(.constdata)
    PE7                                      0x08005940   Data           8  gpio.o(.constdata)
    PE8                                      0x08005948   Data           8  gpio.o(.constdata)
    PE9                                      0x08005950   Data           8  gpio.o(.constdata)
    PE10                                     0x08005958   Data           8  gpio.o(.constdata)
    PE11                                     0x08005960   Data           8  gpio.o(.constdata)
    PE12                                     0x08005968   Data           8  gpio.o(.constdata)
    PE13                                     0x08005970   Data           8  gpio.o(.constdata)
    PE14                                     0x08005978   Data           8  gpio.o(.constdata)
    PE15                                     0x08005980   Data           8  gpio.o(.constdata)
    PF0                                      0x08005988   Data           8  gpio.o(.constdata)
    PF1                                      0x08005990   Data           8  gpio.o(.constdata)
    PF2                                      0x08005998   Data           8  gpio.o(.constdata)
    PF3                                      0x080059a0   Data           8  gpio.o(.constdata)
    PF4                                      0x080059a8   Data           8  gpio.o(.constdata)
    PF5                                      0x080059b0   Data           8  gpio.o(.constdata)
    PF6                                      0x080059b8   Data           8  gpio.o(.constdata)
    PF7                                      0x080059c0   Data           8  gpio.o(.constdata)
    PF8                                      0x080059c8   Data           8  gpio.o(.constdata)
    PF9                                      0x080059d0   Data           8  gpio.o(.constdata)
    PF10                                     0x080059d8   Data           8  gpio.o(.constdata)
    PF11                                     0x080059e0   Data           8  gpio.o(.constdata)
    PF12                                     0x080059e8   Data           8  gpio.o(.constdata)
    PF13                                     0x080059f0   Data           8  gpio.o(.constdata)
    PF14                                     0x080059f8   Data           8  gpio.o(.constdata)
    PF15                                     0x08005a00   Data           8  gpio.o(.constdata)
    PG0                                      0x08005a08   Data           8  gpio.o(.constdata)
    PG1                                      0x08005a10   Data           8  gpio.o(.constdata)
    PG2                                      0x08005a18   Data           8  gpio.o(.constdata)
    PG3                                      0x08005a20   Data           8  gpio.o(.constdata)
    PG4                                      0x08005a28   Data           8  gpio.o(.constdata)
    PG5                                      0x08005a30   Data           8  gpio.o(.constdata)
    PG6                                      0x08005a38   Data           8  gpio.o(.constdata)
    PG7                                      0x08005a40   Data           8  gpio.o(.constdata)
    PG8                                      0x08005a48   Data           8  gpio.o(.constdata)
    PG9                                      0x08005a50   Data           8  gpio.o(.constdata)
    PG10                                     0x08005a58   Data           8  gpio.o(.constdata)
    PG11                                     0x08005a60   Data           8  gpio.o(.constdata)
    PG12                                     0x08005a68   Data           8  gpio.o(.constdata)
    PG13                                     0x08005a70   Data           8  gpio.o(.constdata)
    PG14                                     0x08005a78   Data           8  gpio.o(.constdata)
    PG15                                     0x08005a80   Data           8  gpio.o(.constdata)
    Region$$Table$$Base                      0x08005bec   Number         0  anon$$obj.o(Region$$Table)
    Region$$Table$$Limit                     0x08005c0c   Number         0  anon$$obj.o(Region$$Table)
    __ctype                                  0x08005c35   Data           0  lc_ctype_c.o(locale$$data)
    IsClockFucked                            0x20000010   Data           1  system_stm32f4xx.o(.data)
    SystemCoreClock                          0x20000014   Data           4  system_stm32f4xx.o(.data)
    AHBPrescTable                            0x20000018   Data          16  system_stm32f4xx.o(.data)
    CAN_tx_queue                             0x20000054   Data          16  can_protocol.o(.data)
    msec                                     0x20000090   Data           4  ticks.o(.data)
    delay_time                               0x20000094   Data           4  ticks.o(.data)
    tick_tock                                0x20000098   Data           1  ticks.o(.data)
    enc_used                                 0x200000bc   Data           1  motor_control.o(.data)
    swerve_init_tar                          0x200000c0   Data           4  motor_control.o(.data)
    swerve_offset                            0x200000c4   Data           4  motor_control.o(.data)
    ValkID                                   0x200000e4   Data           1  feedback.o(.data)
    valk_ctrl_mode                           0x200000e5   Data           1  feedback.o(.data)
    can_feedback_mode                        0x200000e6   Data           1  feedback.o(.data)
    alive_cnt                                0x200000e8   Data           2  feedback.o(.data)
    motor_selected                           0x200000ea   Data           1  feedback.o(.data)
    garuda_tft_buf                           0x20000134   Data         160  garuda_tft.o(.data)
    tft_tx_selection                         0x200001dc   Data           1  garuda_transmit.o(.data)
    CAN_Rx_Handlers                          0x20000b40   Data         112  can_protocol.o(.bss)
    motor                                    0x20000c30   Data         600  motor_control.o(.bss)
    raw_reading                              0x20000e94   Data          24  feedback.o(.bss)
    __libspace_start                         0x2000110c   Data          96  libspace.o(.bss)
    __temporary_stack_top$libspace           0x2000116c   Data           0  libspace.o(.bss)



==============================================================================

Memory Map of the image

  Image Entry point : 0x08000189

  Load Region LR_IROM1 (Base: 0x08000000, Size: 0x00005f18, Max: 0x00100000, ABSOLUTE, COMPRESSED[0x00005da0])

    Execution Region ER_IROM1 (Exec base: 0x08000000, Load base: 0x08000000, Size: 0x00005d38, Max: 0x00100000, ABSOLUTE)

    Exec Addr    Load Addr    Size         Type   Attr      Idx    E Section Name        Object

    0x08000000   0x08000000   0x00000188   Data   RO         5429    RESET               startup_stm32f40_41xxx.o
    0x08000188   0x08000188   0x00000008   Code   RO         7065  * !!!main             c_w.l(__main.o)
    0x08000190   0x08000190   0x00000034   Code   RO         7483    !!!scatter          c_w.l(__scatter.o)
    0x080001c4   0x080001c4   0x0000005a   Code   RO         7481    !!dczerorl2         c_w.l(__dczerorl2.o)
    0x0800021e   0x0800021e   0x00000002   PAD
    0x08000220   0x08000220   0x0000001c   Code   RO         7485    !!handler_zi        c_w.l(__scatter_zi.o)
    0x0800023c   0x0800023c   0x00000000   Code   RO         7203    .ARM.Collect$$_printf_percent$$00000000  c_w.l(_printf_percent.o)
    0x0800023c   0x0800023c   0x00000006   Code   RO         7192    .ARM.Collect$$_printf_percent$$00000001  c_w.l(_printf_n.o)
    0x08000242   0x08000242   0x00000006   Code   RO         7194    .ARM.Collect$$_printf_percent$$00000002  c_w.l(_printf_p.o)
    0x08000248   0x08000248   0x00000006   Code   RO         7199    .ARM.Collect$$_printf_percent$$00000003  c_w.l(_printf_f.o)
    0x0800024e   0x0800024e   0x00000006   Code   RO         7200    .ARM.Collect$$_printf_percent$$00000004  c_w.l(_printf_e.o)
    0x08000254   0x08000254   0x00000006   Code   RO         7201    .ARM.Collect$$_printf_percent$$00000005  c_w.l(_printf_g.o)
    0x0800025a   0x0800025a   0x00000006   Code   RO         7202    .ARM.Collect$$_printf_percent$$00000006  c_w.l(_printf_a.o)
    0x08000260   0x08000260   0x0000000a   Code   RO         7207    .ARM.Collect$$_printf_percent$$00000007  c_w.l(_printf_ll.o)
    0x0800026a   0x0800026a   0x00000006   Code   RO         7196    .ARM.Collect$$_printf_percent$$00000008  c_w.l(_printf_i.o)
    0x08000270   0x08000270   0x00000006   Code   RO         7197    .ARM.Collect$$_printf_percent$$00000009  c_w.l(_printf_d.o)
    0x08000276   0x08000276   0x00000006   Code   RO         7198    .ARM.Collect$$_printf_percent$$0000000A  c_w.l(_printf_u.o)
    0x0800027c   0x0800027c   0x00000006   Code   RO         7195    .ARM.Collect$$_printf_percent$$0000000B  c_w.l(_printf_o.o)
    0x08000282   0x08000282   0x00000006   Code   RO         7193    .ARM.Collect$$_printf_percent$$0000000C  c_w.l(_printf_x.o)
    0x08000288   0x08000288   0x00000006   Code   RO         7204    .ARM.Collect$$_printf_percent$$0000000D  c_w.l(_printf_lli.o)
    0x0800028e   0x0800028e   0x00000006   Code   RO         7205    .ARM.Collect$$_printf_percent$$0000000E  c_w.l(_printf_lld.o)
    0x08000294   0x08000294   0x00000006   Code   RO         7206    .ARM.Collect$$_printf_percent$$0000000F  c_w.l(_printf_llu.o)
    0x0800029a   0x0800029a   0x00000006   Code   RO         7211    .ARM.Collect$$_printf_percent$$00000010  c_w.l(_printf_llo.o)
    0x080002a0   0x080002a0   0x00000006   Code   RO         7212    .ARM.Collect$$_printf_percent$$00000011  c_w.l(_printf_llx.o)
    0x080002a6   0x080002a6   0x0000000a   Code   RO         7208    .ARM.Collect$$_printf_percent$$00000012  c_w.l(_printf_l.o)
    0x080002b0   0x080002b0   0x00000006   Code   RO         7190    .ARM.Collect$$_printf_percent$$00000013  c_w.l(_printf_c.o)
    0x080002b6   0x080002b6   0x00000006   Code   RO         7191    .ARM.Collect$$_printf_percent$$00000014  c_w.l(_printf_s.o)
    0x080002bc   0x080002bc   0x00000006   Code   RO         7209    .ARM.Collect$$_printf_percent$$00000015  c_w.l(_printf_lc.o)
    0x080002c2   0x080002c2   0x00000006   Code   RO         7210    .ARM.Collect$$_printf_percent$$00000016  c_w.l(_printf_ls.o)
    0x080002c8   0x080002c8   0x00000004   Code   RO         7287    .ARM.Collect$$_printf_percent$$00000017  c_w.l(_printf_percent_end.o)
    0x080002cc   0x080002cc   0x00000002   Code   RO         7343    .ARM.Collect$$libinit$$00000000  c_w.l(libinit.o)
    0x080002ce   0x080002ce   0x00000004   Code   RO         7361    .ARM.Collect$$libinit$$00000001  c_w.l(libinit2.o)
    0x080002d2   0x080002d2   0x00000000   Code   RO         7364    .ARM.Collect$$libinit$$00000004  c_w.l(libinit2.o)
    0x080002d2   0x080002d2   0x00000000   Code   RO         7367    .ARM.Collect$$libinit$$0000000A  c_w.l(libinit2.o)
    0x080002d2   0x080002d2   0x00000000   Code   RO         7369    .ARM.Collect$$libinit$$0000000C  c_w.l(libinit2.o)
    0x080002d2   0x080002d2   0x00000000   Code   RO         7371    .ARM.Collect$$libinit$$0000000E  c_w.l(libinit2.o)
    0x080002d2   0x080002d2   0x00000006   Code   RO         7372    .ARM.Collect$$libinit$$0000000F  c_w.l(libinit2.o)
    0x080002d8   0x080002d8   0x00000000   Code   RO         7374    .ARM.Collect$$libinit$$00000011  c_w.l(libinit2.o)
    0x080002d8   0x080002d8   0x0000000c   Code   RO         7375    .ARM.Collect$$libinit$$00000012  c_w.l(libinit2.o)
    0x080002e4   0x080002e4   0x00000000   Code   RO         7376    .ARM.Collect$$libinit$$00000013  c_w.l(libinit2.o)
    0x080002e4   0x080002e4   0x00000000   Code   RO         7378    .ARM.Collect$$libinit$$00000015  c_w.l(libinit2.o)
    0x080002e4   0x080002e4   0x0000000a   Code   RO         7379    .ARM.Collect$$libinit$$00000016  c_w.l(libinit2.o)
    0x080002ee   0x080002ee   0x00000000   Code   RO         7380    .ARM.Collect$$libinit$$00000017  c_w.l(libinit2.o)
    0x080002ee   0x080002ee   0x00000000   Code   RO         7382    .ARM.Collect$$libinit$$00000019  c_w.l(libinit2.o)
    0x080002ee   0x080002ee   0x00000000   Code   RO         7384    .ARM.Collect$$libinit$$0000001B  c_w.l(libinit2.o)
    0x080002ee   0x080002ee   0x00000000   Code   RO         7386    .ARM.Collect$$libinit$$0000001D  c_w.l(libinit2.o)
    0x080002ee   0x080002ee   0x00000000   Code   RO         7388    .ARM.Collect$$libinit$$0000001F  c_w.l(libinit2.o)
    0x080002ee   0x080002ee   0x00000000   Code   RO         7390    .ARM.Collect$$libinit$$00000021  c_w.l(libinit2.o)
    0x080002ee   0x080002ee   0x00000000   Code   RO         7392    .ARM.Collect$$libinit$$00000023  c_w.l(libinit2.o)
    0x080002ee   0x080002ee   0x00000000   Code   RO         7394    .ARM.Collect$$libinit$$00000025  c_w.l(libinit2.o)
    0x080002ee   0x080002ee   0x00000000   Code   RO         7398    .ARM.Collect$$libinit$$0000002C  c_w.l(libinit2.o)
    0x080002ee   0x080002ee   0x00000000   Code   RO         7400    .ARM.Collect$$libinit$$0000002E  c_w.l(libinit2.o)
    0x080002ee   0x080002ee   0x00000000   Code   RO         7402    .ARM.Collect$$libinit$$00000030  c_w.l(libinit2.o)
    0x080002ee   0x080002ee   0x00000000   Code   RO         7404    .ARM.Collect$$libinit$$00000032  c_w.l(libinit2.o)
    0x080002ee   0x080002ee   0x00000002   Code   RO         7405    .ARM.Collect$$libinit$$00000033  c_w.l(libinit2.o)
    0x080002f0   0x080002f0   0x00000002   Code   RO         7436    .ARM.Collect$$libshutdown$$00000000  c_w.l(libshutdown.o)
    0x080002f2   0x080002f2   0x00000000   Code   RO         7462    .ARM.Collect$$libshutdown$$00000002  c_w.l(libshutdown2.o)
    0x080002f2   0x080002f2   0x00000000   Code   RO         7464    .ARM.Collect$$libshutdown$$00000004  c_w.l(libshutdown2.o)
    0x080002f2   0x080002f2   0x00000000   Code   RO         7466    .ARM.Collect$$libshutdown$$00000006  c_w.l(libshutdown2.o)
    0x080002f2   0x080002f2   0x00000000   Code   RO         7469    .ARM.Collect$$libshutdown$$00000009  c_w.l(libshutdown2.o)
    0x080002f2   0x080002f2   0x00000000   Code   RO         7472    .ARM.Collect$$libshutdown$$0000000C  c_w.l(libshutdown2.o)
    0x080002f2   0x080002f2   0x00000000   Code   RO         7474    .ARM.Collect$$libshutdown$$0000000E  c_w.l(libshutdown2.o)
    0x080002f2   0x080002f2   0x00000000   Code   RO         7477    .ARM.Collect$$libshutdown$$00000011  c_w.l(libshutdown2.o)
    0x080002f2   0x080002f2   0x00000002   Code   RO         7478    .ARM.Collect$$libshutdown$$00000012  c_w.l(libshutdown2.o)
    0x080002f4   0x080002f4   0x00000000   Code   RO         7115    .ARM.Collect$$rtentry$$00000000  c_w.l(__rtentry.o)
    0x080002f4   0x080002f4   0x00000000   Code   RO         7251    .ARM.Collect$$rtentry$$00000002  c_w.l(__rtentry2.o)
    0x080002f4   0x080002f4   0x00000006   Code   RO         7263    .ARM.Collect$$rtentry$$00000004  c_w.l(__rtentry4.o)
    0x080002fa   0x080002fa   0x00000000   Code   RO         7253    .ARM.Collect$$rtentry$$00000009  c_w.l(__rtentry2.o)
    0x080002fa   0x080002fa   0x00000004   Code   RO         7254    .ARM.Collect$$rtentry$$0000000A  c_w.l(__rtentry2.o)
    0x080002fe   0x080002fe   0x00000000   Code   RO         7256    .ARM.Collect$$rtentry$$0000000C  c_w.l(__rtentry2.o)
    0x080002fe   0x080002fe   0x00000008   Code   RO         7257    .ARM.Collect$$rtentry$$0000000D  c_w.l(__rtentry2.o)
    0x08000306   0x08000306   0x00000002   Code   RO         7348    .ARM.Collect$$rtexit$$00000000  c_w.l(rtexit.o)
    0x08000308   0x08000308   0x00000000   Code   RO         7409    .ARM.Collect$$rtexit$$00000002  c_w.l(rtexit2.o)
    0x08000308   0x08000308   0x00000004   Code   RO         7410    .ARM.Collect$$rtexit$$00000003  c_w.l(rtexit2.o)
    0x0800030c   0x0800030c   0x00000006   Code   RO         7411    .ARM.Collect$$rtexit$$00000004  c_w.l(rtexit2.o)
    0x08000312   0x08000312   0x00000002   PAD
    0x08000314   0x08000314   0x0000003c   Code   RO         5430    .text               startup_stm32f40_41xxx.o
    0x08000350   0x08000350   0x000000ee   Code   RO         7055    .text               c_w.l(lludivv7m.o)
    0x0800043e   0x0800043e   0x00000048   Code   RO         7057    .text               c_w.l(llsdiv.o)
    0x08000486   0x08000486   0x00000002   PAD
    0x08000488   0x08000488   0x00000024   Code   RO         7059    .text               c_w.l(vsprintf.o)
    0x080004ac   0x080004ac   0x00000006   Code   RO         7063    .text               c_w.l(heapauxi.o)
    0x080004b2   0x080004b2   0x0000004e   Code   RO         7124    .text               c_w.l(_printf_pad.o)
    0x08000500   0x08000500   0x00000024   Code   RO         7126    .text               c_w.l(_printf_truncate.o)
    0x08000524   0x08000524   0x00000052   Code   RO         7128    .text               c_w.l(_printf_str.o)
    0x08000576   0x08000576   0x00000002   PAD
    0x08000578   0x08000578   0x00000078   Code   RO         7130    .text               c_w.l(_printf_dec.o)
    0x080005f0   0x080005f0   0x00000028   Code   RO         7132    .text               c_w.l(_printf_charcount.o)
    0x08000618   0x08000618   0x00000030   Code   RO         7134    .text               c_w.l(_printf_char_common.o)
    0x08000648   0x08000648   0x0000000a   Code   RO         7136    .text               c_w.l(_sputc.o)
    0x08000652   0x08000652   0x00000002   PAD
    0x08000654   0x08000654   0x000000bc   Code   RO         7138    .text               c_w.l(_printf_wctomb.o)
    0x08000710   0x08000710   0x0000007c   Code   RO         7141    .text               c_w.l(_printf_longlong_dec.o)
    0x0800078c   0x0800078c   0x00000070   Code   RO         7147    .text               c_w.l(_printf_oct_int_ll.o)
    0x080007fc   0x080007fc   0x00000094   Code   RO         7167    .text               c_w.l(_printf_hex_int_ll_ptr.o)
    0x08000890   0x08000890   0x00000188   Code   RO         7187    .text               c_w.l(__printf_flags_ss_wp.o)
    0x08000a18   0x08000a18   0x0000008a   Code   RO         7272    .text               c_w.l(lludiv10.o)
    0x08000aa2   0x08000aa2   0x000000b2   Code   RO         7274    .text               c_w.l(_printf_intcommon.o)
    0x08000b54   0x08000b54   0x0000041e   Code   RO         7276    .text               c_w.l(_printf_fp_dec.o)
    0x08000f72   0x08000f72   0x00000002   PAD
    0x08000f74   0x08000f74   0x000002fc   Code   RO         7278    .text               c_w.l(_printf_fp_hex.o)
    0x08001270   0x08001270   0x0000002c   Code   RO         7283    .text               c_w.l(_printf_char.o)
    0x0800129c   0x0800129c   0x0000002c   Code   RO         7285    .text               c_w.l(_printf_wchar.o)
    0x080012c8   0x080012c8   0x00000040   Code   RO         7288    .text               c_w.l(_wcrtomb.o)
    0x08001308   0x08001308   0x00000008   Code   RO         7290    .text               c_w.l(libspace.o)
    0x08001310   0x08001310   0x0000004a   Code   RO         7293    .text               c_w.l(sys_stackheap_outer.o)
    0x0800135a   0x0800135a   0x00000002   PAD
    0x0800135c   0x0800135c   0x00000010   Code   RO         7295    .text               c_w.l(rt_ctype_table.o)
    0x0800136c   0x0800136c   0x00000008   Code   RO         7300    .text               c_w.l(rt_locale_intlibspace.o)
    0x08001374   0x08001374   0x00000080   Code   RO         7302    .text               c_w.l(_printf_fp_infnan.o)
    0x080013f4   0x080013f4   0x000000e4   Code   RO         7304    .text               c_w.l(bigflt0.o)
    0x080014d8   0x080014d8   0x00000012   Code   RO         7332    .text               c_w.l(exit.o)
    0x080014ea   0x080014ea   0x00000002   PAD
    0x080014ec   0x080014ec   0x00000080   Code   RO         7359    .text               c_w.l(strcmpv7m.o)
    0x0800156c   0x0800156c   0x0000000c   Code   RO         7406    .text               c_w.l(sys_exit.o)
    0x08001578   0x08001578   0x00000002   Code   RO         7425    .text               c_w.l(use_no_semi.o)
    0x0800157a   0x0800157a   0x00000000   Code   RO         7427    .text               c_w.l(indicate_semi.o)
    0x0800157a   0x0800157a   0x0000003e   Code   RO         7307    CL$$btod_d2e        c_w.l(btod.o)
    0x080015b8   0x080015b8   0x00000046   Code   RO         7309    CL$$btod_d2e_denorm_low  c_w.l(btod.o)
    0x080015fe   0x080015fe   0x00000060   Code   RO         7308    CL$$btod_d2e_norm_op1  c_w.l(btod.o)
    0x0800165e   0x0800165e   0x00000338   Code   RO         7317    CL$$btod_div_common  c_w.l(btod.o)
    0x08001996   0x08001996   0x000000dc   Code   RO         7314    CL$$btod_e2e        c_w.l(btod.o)
    0x08001a72   0x08001a72   0x0000002a   Code   RO         7311    CL$$btod_ediv       c_w.l(btod.o)
    0x08001a9c   0x08001a9c   0x0000002a   Code   RO         7310    CL$$btod_emul       c_w.l(btod.o)
    0x08001ac6   0x08001ac6   0x00000244   Code   RO         7316    CL$$btod_mult_common  c_w.l(btod.o)
    0x08001d0a   0x08001d0a   0x00000004   Code   RO         5122    i.BusFault_Handler  stm32f4xx_it.o
    0x08001d0e   0x08001d0e   0x00000002   PAD
    0x08001d10   0x08001d10   0x00000060   Code   RO         5548    i.CAN1_RX0_IRQHandler  can_protocol.o
    0x08001d70   0x08001d70   0x00000060   Code   RO         5549    i.CAN1_RX1_IRQHandler  can_protocol.o
    0x08001dd0   0x08001dd0   0x00000024   Code   RO         5550    i.CAN1_TX_IRQHandler  can_protocol.o
    0x08001df4   0x08001df4   0x00000064   Code   RO         5551    i.CAN2_RX0_IRQHandler  can_protocol.o
    0x08001e58   0x08001e58   0x00000064   Code   RO         5552    i.CAN2_RX1_IRQHandler  can_protocol.o
    0x08001ebc   0x08001ebc   0x00000024   Code   RO         5553    i.CAN2_TX_IRQHandler  can_protocol.o
    0x08001ee0   0x08001ee0   0x000000a8   Code   RO          359    i.CAN_ClearITPendingBit  stm32f4xx_can.o
    0x08001f88   0x08001f88   0x00000038   Code   RO          361    i.CAN_DeInit        stm32f4xx_can.o
    0x08001fc0   0x08001fc0   0x00000108   Code   RO          363    i.CAN_FilterInit    stm32f4xx_can.o
    0x080020c8   0x080020c8   0x00000120   Code   RO          365    i.CAN_GetITStatus   stm32f4xx_can.o
    0x080021e8   0x080021e8   0x00000012   Code   RO          369    i.CAN_ITConfig      stm32f4xx_can.o
    0x080021fa   0x080021fa   0x00000114   Code   RO          370    i.CAN_Init          stm32f4xx_can.o
    0x0800230e   0x0800230e   0x000000f0   Code   RO          373    i.CAN_Receive       stm32f4xx_can.o
    0x080023fe   0x080023fe   0x00000002   PAD
    0x08002400   0x08002400   0x00000034   Code   RO          374    i.CAN_SlaveStartBank  stm32f4xx_can.o
    0x08002434   0x08002434   0x00000020   Code   RO          376    i.CAN_StructInit    stm32f4xx_can.o
    0x08002454   0x08002454   0x00000024   Code   RO          551    i.CRC_CalcBlockCRC  stm32f4xx_crc.o
    0x08002478   0x08002478   0x0000000c   Code   RO          555    i.CRC_ResetDR       stm32f4xx_crc.o
    0x08002484   0x08002484   0x00000012   Code   RO          381    i.CheckITStatus     stm32f4xx_can.o
    0x08002496   0x08002496   0x00000002   PAD
    0x08002498   0x08002498   0x00000048   Code   RO         6646    i.DMA1_Stream6_IRQHandler  garuda_transmit.o
    0x080024e0   0x080024e0   0x00000034   Code   RO         1137    i.DMA_ClearITPendingBit  stm32f4xx_dma.o
    0x08002514   0x08002514   0x00000016   Code   RO         1138    i.DMA_Cmd           stm32f4xx_dma.o
    0x0800252a   0x0800252a   0x00000002   PAD
    0x0800252c   0x0800252c   0x00000064   Code   RO         1148    i.DMA_GetITStatus   stm32f4xx_dma.o
    0x08002590   0x08002590   0x0000003a   Code   RO         1149    i.DMA_ITConfig      stm32f4xx_dma.o
    0x080025ca   0x080025ca   0x00000002   PAD
    0x080025cc   0x080025cc   0x00000058   Code   RO         1150    i.DMA_Init          stm32f4xx_dma.o
    0x08002624   0x08002624   0x00000002   Code   RO         5123    i.DebugMon_Handler  stm32f4xx_it.o
    0x08002626   0x08002626   0x00000002   Code   RO         5852    i.EXTI10_IRQHandler  gpio.o
    0x08002628   0x08002628   0x00000002   Code   RO         5853    i.EXTI11_IRQHandler  gpio.o
    0x0800262a   0x0800262a   0x00000002   Code   RO         5854    i.EXTI12_IRQHandler  gpio.o
    0x0800262c   0x0800262c   0x00000002   Code   RO         5855    i.EXTI13_IRQHandler  gpio.o
    0x0800262e   0x0800262e   0x00000002   Code   RO         5856    i.EXTI14_IRQHandler  gpio.o
    0x08002630   0x08002630   0x00000060   Code   RO         5857    i.EXTI15_10_IRQHandler  gpio.o
    0x08002690   0x08002690   0x00000002   Code   RO         5858    i.EXTI15_IRQHandler  gpio.o
    0x08002692   0x08002692   0x00000002   Code   RO         5859    i.EXTI5_IRQHandler  gpio.o
    0x08002694   0x08002694   0x00000002   Code   RO         5860    i.EXTI6_IRQHandler  gpio.o
    0x08002696   0x08002696   0x00000002   Code   RO         5861    i.EXTI7_IRQHandler  gpio.o
    0x08002698   0x08002698   0x00000002   Code   RO         5862    i.EXTI8_IRQHandler  gpio.o
    0x0800269a   0x0800269a   0x00000002   PAD
    0x0800269c   0x0800269c   0x0000009c   Code   RO         5863    i.EXTI9_5_IRQHandler  gpio.o
    0x08002738   0x08002738   0x00000002   Code   RO         5864    i.EXTI9_IRQHandler  gpio.o
    0x0800273a   0x0800273a   0x00000002   PAD
    0x0800273c   0x0800273c   0x0000000c   Code   RO         1428    i.EXTI_ClearITPendingBit  stm32f4xx_exti.o
    0x08002748   0x08002748   0x00000094   Code   RO         1433    i.EXTI_Init         stm32f4xx_exti.o
    0x080027dc   0x080027dc   0x00000090   Code   RO         1950    i.GPIO_Init         stm32f4xx_gpio.o
    0x0800286c   0x0800286c   0x00000046   Code   RO         1951    i.GPIO_PinAFConfig  stm32f4xx_gpio.o
    0x080028b2   0x080028b2   0x00000012   Code   RO         1954    i.GPIO_ReadInputDataBit  stm32f4xx_gpio.o
    0x080028c4   0x080028c4   0x00000004   Code   RO         1957    i.GPIO_ResetBits    stm32f4xx_gpio.o
    0x080028c8   0x080028c8   0x00000004   Code   RO         1958    i.GPIO_SetBits      stm32f4xx_gpio.o
    0x080028cc   0x080028cc   0x00000012   Code   RO         1959    i.GPIO_StructInit   stm32f4xx_gpio.o
    0x080028de   0x080028de   0x00000004   Code   RO         5124    i.HardFault_Handler  stm32f4xx_it.o
    0x080028e2   0x080028e2   0x00000004   Code   RO         5125    i.MemManage_Handler  stm32f4xx_it.o
    0x080028e6   0x080028e6   0x00000002   Code   RO         5126    i.NMI_Handler       stm32f4xx_it.o
    0x080028e8   0x080028e8   0x00000078   Code   RO         5338    i.NVIC_Init         misc.o
    0x08002960   0x08002960   0x00000002   Code   RO         5127    i.PendSV_Handler    stm32f4xx_it.o
    0x08002962   0x08002962   0x00000002   PAD
    0x08002964   0x08002964   0x00000020   Code   RO         2891    i.RCC_AHB1PeriphClockCmd  stm32f4xx_rcc.o
    0x08002984   0x08002984   0x00000020   Code   RO         2900    i.RCC_APB1PeriphClockCmd  stm32f4xx_rcc.o
    0x080029a4   0x080029a4   0x00000020   Code   RO         2902    i.RCC_APB1PeriphResetCmd  stm32f4xx_rcc.o
    0x080029c4   0x080029c4   0x00000020   Code   RO         2903    i.RCC_APB2PeriphClockCmd  stm32f4xx_rcc.o
    0x080029e4   0x080029e4   0x000000e8   Code   RO         2912    i.RCC_GetClocksFreq  stm32f4xx_rcc.o
    0x08002acc   0x08002acc   0x00000004   Code   RO         4073    i.SPI_I2S_SendData  stm32f4xx_spi.o
    0x08002ad0   0x08002ad0   0x00000002   Code   RO         5128    i.SVC_Handler       stm32f4xx_it.o
    0x08002ad2   0x08002ad2   0x00000002   PAD
    0x08002ad4   0x08002ad4   0x00000040   Code   RO         4229    i.SYSCFG_EXTILineConfig  stm32f4xx_syscfg.o
    0x08002b14   0x08002b14   0x00000104   Code   RO         5389    i.SetSysClock       system_stm32f4xx.o
    0x08002c18   0x08002c18   0x000000a4   Code   RO         5476    i.Sqrt              approx_math.o
    0x08002cbc   0x08002cbc   0x00000020   Code   RO         5794    i.SysTick_Handler   ticks.o
    0x08002cdc   0x08002cdc   0x000000c0   Code   RO         5390    i.SystemCoreClockUpdate  system_stm32f4xx.o
    0x08002d9c   0x08002d9c   0x00000068   Code   RO         5391    i.SystemInit        system_stm32f4xx.o
    0x08002e04   0x08002e04   0x0000003c   Code   RO         6370    i.TIM1_BRK_TIM9_IRQHandler  encoder.o
    0x08002e40   0x08002e40   0x0000003c   Code   RO         6371    i.TIM3_IRQHandler   encoder.o
    0x08002e7c   0x08002e7c   0x00000006   Code   RO         4300    i.TIM_ClearITPendingBit  stm32f4xx_tim.o
    0x08002e82   0x08002e82   0x00000006   Code   RO         4320    i.TIM_GetCapture1   stm32f4xx_tim.o
    0x08002e88   0x08002e88   0x00000006   Code   RO         4321    i.TIM_GetCapture2   stm32f4xx_tim.o
    0x08002e8e   0x08002e8e   0x00000022   Code   RO         4326    i.TIM_GetITStatus   stm32f4xx_tim.o
    0x08002eb0   0x08002eb0   0x00000070   Code   RO         5676    i.USART1_IRQHandler  uart.o
    0x08002f20   0x08002f20   0x00000070   Code   RO         5677    i.USART3_IRQHandler  uart.o
    0x08002f90   0x08002f90   0x0000001e   Code   RO         4859    i.USART_ClearITPendingBit  stm32f4xx_usart.o
    0x08002fae   0x08002fae   0x00000018   Code   RO         4862    i.USART_Cmd         stm32f4xx_usart.o
    0x08002fc6   0x08002fc6   0x00000012   Code   RO         4863    i.USART_DMACmd      stm32f4xx_usart.o
    0x08002fd8   0x08002fd8   0x0000001a   Code   RO         4865    i.USART_GetFlagStatus  stm32f4xx_usart.o
    0x08002ff2   0x08002ff2   0x00000054   Code   RO         4866    i.USART_GetITStatus  stm32f4xx_usart.o
    0x08003046   0x08003046   0x0000004a   Code   RO         4868    i.USART_ITConfig    stm32f4xx_usart.o
    0x08003090   0x08003090   0x000000d4   Code   RO         4869    i.USART_Init        stm32f4xx_usart.o
    0x08003164   0x08003164   0x0000000a   Code   RO         4876    i.USART_ReceiveData  stm32f4xx_usart.o
    0x0800316e   0x0800316e   0x00000004   Code   RO         5129    i.UsageFault_Handler  stm32f4xx_it.o
    0x08003172   0x08003172   0x00000030   Code   RO         7346    i.__ARM_fpclassify  m_wm.l(fpclassify.o)
    0x080031a2   0x080031a2   0x0000000e   Code   RO         7180    i._is_digit         c_w.l(__printf_wp.o)
    0x080031b0   0x080031b0   0x00000084   Code   RO         6441    i.bt_gar_rx_handler  garuda_receiver.o
    0x08003234   0x08003234   0x00000040   Code   RO         6080    i.btn_init          button.o
    0x08003274   0x08003274   0x00000034   Code   RO         6081    i.btn_pressed       button.o
    0x080032a8   0x080032a8   0x0000015c   Code   RO         5554    i.can1_tx_dequeue   can_protocol.o
    0x08003404   0x08003404   0x0000015c   Code   RO         5555    i.can2_tx_dequeue   can_protocol.o
    0x08003560   0x08003560   0x00000168   Code   RO         5556    i.can_init          can_protocol.o
    0x080036c8   0x080036c8   0x0000009c   Code   RO         6286    i.can_mb_feedback_update  feedback.o
    0x08003764   0x08003764   0x00000044   Code   RO         6288    i.can_rm_rx_handler1  feedback.o
    0x080037a8   0x080037a8   0x00000048   Code   RO         6289    i.can_rm_rx_handler2  feedback.o
    0x080037f0   0x080037f0   0x00000048   Code   RO         6290    i.can_rm_rx_handler3  feedback.o
    0x08003838   0x08003838   0x00000094   Code   RO         5557    i.can_rx_add_filter  can_protocol.o
    0x080038cc   0x080038cc   0x00000088   Code   RO         5558    i.can_rx_init       can_protocol.o
    0x08003954   0x08003954   0x00000078   Code   RO         5559    i.can_tx_enqueue    can_protocol.o
    0x080039cc   0x080039cc   0x000000a0   Code   RO         5437    i.crystal_status_detector  main.o
    0x08003a6c   0x08003a6c   0x000000a0   Code   RO         6291    i.feedback_init     feedback.o
    0x08003b0c   0x08003b0c   0x00000030   Code   RO         6292    i.feedback_motor_raw_reading  feedback.o
    0x08003b3c   0x08003b3c   0x00000002   Code   RO         6293    i.feedback_other_reading  feedback.o
    0x08003b3e   0x08003b3e   0x00000002   PAD
    0x08003b40   0x08003b40   0x000000a4   Code   RO         6294    i.feedback_update   feedback.o
    0x08003be4   0x08003be4   0x00000058   Code   RO         6450    i.gar_get_connection  garuda_receiver.o
    0x08003c3c   0x08003c3c   0x000000a0   Code   RO         6458    i.garuda_init       garuda_receiver.o
    0x08003cdc   0x08003cdc   0x00000018   Code   RO         6601    i.garuda_tft_init   garuda_tft.o
    0x08003cf4   0x08003cf4   0x000000ac   Code   RO         6657    i.garuda_transmit_init  garuda_transmit.o
    0x08003da0   0x08003da0   0x00000020   Code   RO         6083    i.get_can_id        button.o
    0x08003dc0   0x08003dc0   0x00000034   Code   RO         5561    i.get_can_queue_size  can_protocol.o
    0x08003df4   0x08003df4   0x0000001a   Code   RO         5867    i.get_pin_source    gpio.o
    0x08003e0e   0x08003e0e   0x00000002   PAD
    0x08003e10   0x08003e10   0x00000034   Code   RO         5678    i.get_uart_queue_size  uart.o
    0x08003e44   0x08003e44   0x00000046   Code   RO         5868    i.gpio_af_init      gpio.o
    0x08003e8a   0x08003e8a   0x00000024   Code   RO         5870    i.gpio_input_init   gpio.o
    0x08003eae   0x08003eae   0x00000030   Code   RO         5871    i.gpio_output_init  gpio.o
    0x08003ede   0x08003ede   0x00000002   PAD
    0x08003ee0   0x08003ee0   0x0000008c   Code   RO         5872    i.gpio_rcc_init     gpio.o
    0x08003f6c   0x08003f6c   0x0000000e   Code   RO         6084    i.gpio_read         button.o
    0x08003f7a   0x08003f7a   0x00000002   PAD
    0x08003f7c   0x08003f7c   0x00000030   Code   RO         6136    i.led_control       led.o
    0x08003fac   0x08003fac   0x0000003c   Code   RO         6137    i.led_init          led.o
    0x08003fe8   0x08003fe8   0x0000001c   Code   RO         6138    i.led_toggle        led.o
    0x08004004   0x08004004   0x000000cc   Code   RO         5438    i.main              main.o
    0x080040d0   0x080040d0   0x00000134   Code   RO         6181    i.motor_basic_init  motor_control.o
    0x08004204   0x08004204   0x00000ba0   Code   RO         6182    i.motor_control_independent  motor_control.o
    0x08004da4   0x08004da4   0x0000001c   Code   RO         6184    i.motor_get_enc     motor_control.o
    0x08004dc0   0x08004dc0   0x000002e0   Code   RO         6185    i.motor_init        motor_control.o
    0x080050a0   0x080050a0   0x000000fc   Code   RO         6188    i.motor_set_vel     motor_control.o
    0x0800519c   0x0800519c   0x0000005c   Code   RO         6459    i.resolve_deadzone  garuda_receiver.o
    0x080051f8   0x080051f8   0x00000002   Code   RO         6461    i.spi_gar_update_ssi  garuda_receiver.o
    0x080051fa   0x080051fa   0x00000002   PAD
    0x080051fc   0x080051fc   0x00000084   Code   RO         5797    i.ticks_init        ticks.o
    0x08005280   0x08005280   0x000000e8   Code   RO         5679    i.uart_init         uart.o
    0x08005368   0x08005368   0x0000000c   Code   RO         5680    i.uart_interrupt_init  uart.o
    0x08005374   0x08005374   0x00000054   Code   RO         6295    i.uart_motor_feedback_update  feedback.o
    0x080053c8   0x080053c8   0x00000036   Code   RO         5682    i.uart_tx           uart.o
    0x080053fe   0x080053fe   0x00000002   PAD
    0x08005400   0x08005400   0x00000038   Code   RO         5768    i.uart_tx_byte      uart.o
    0x08005438   0x08005438   0x00000030   Code   RO         5762    i.uart_tx_byte_blocking  uart.o
    0x08005468   0x08005468   0x00000068   Code   RO         5686    i.uart_tx_dequeue   uart.o
    0x080054d0   0x080054d0   0x00000048   Code   RO         5687    i.uart_tx_enqueue   uart.o
    0x08005518   0x08005518   0x0000015c   Code   RO         6462    i.unpack            garuda_receiver.o
    0x08005674   0x08005674   0x0000002c   Code   RO         7330    locale$$code        c_w.l(lc_numeric_c.o)
    0x080056a0   0x080056a0   0x0000002c   Code   RO         7353    locale$$code        c_w.l(lc_ctype_c.o)
    0x080056cc   0x080056cc   0x0000000a   Code   RO         7421    x$fpl$fpinit        fz_wm.l(fpinit.o)
    0x080056d6   0x080056d6   0x00000004   Code   RO         7213    x$fpl$printf1       fz_wm.l(printf1.o)
    0x080056da   0x080056da   0x00000004   Code   RO         7215    x$fpl$printf2       fz_wm.l(printf2.o)
    0x080056de   0x080056de   0x00000000   Code   RO         7221    x$fpl$usenofp       fz_wm.l(usenofp.o)
    0x080056de   0x080056de   0x00000002   PAD
    0x080056e0   0x080056e0   0x00000028   Data   RO         5689    .constdata          uart.o
    0x08005708   0x08005708   0x00000380   Data   RO         5874    .constdata          gpio.o
    0x08005a88   0x08005a88   0x00000020   Data   RO         6085    .constdata          button.o
    0x08005aa8   0x08005aa8   0x00000048   Data   RO         6658    .constdata          garuda_transmit.o
    0x08005af0   0x08005af0   0x00000008   Data   RO         7139    .constdata          c_w.l(_printf_wctomb.o)
    0x08005af8   0x08005af8   0x00000028   Data   RO         7168    .constdata          c_w.l(_printf_hex_int_ll_ptr.o)
    0x08005b20   0x08005b20   0x00000011   Data   RO         7188    .constdata          c_w.l(__printf_flags_ss_wp.o)
    0x08005b31   0x08005b31   0x00000026   Data   RO         7279    .constdata          c_w.l(_printf_fp_hex.o)
    0x08005b57   0x08005b57   0x00000001   PAD
    0x08005b58   0x08005b58   0x00000094   Data   RO         7305    .constdata          c_w.l(bigflt0.o)
    0x08005bec   0x08005bec   0x00000020   Data   RO         7479    Region$$Table       anon$$obj.o
    0x08005c0c   0x08005c0c   0x0000001c   Data   RO         7329    locale$$data        c_w.l(lc_numeric_c.o)
    0x08005c28   0x08005c28   0x00000110   Data   RO         7352    locale$$data        c_w.l(lc_ctype_c.o)


    Execution Region RW_IRAM1 (Exec base: 0x20000000, Load base: 0x08005d38, Size: 0x00001970, Max: 0x00020000, ABSOLUTE, COMPRESSED[0x00000068])

    Exec Addr    Load Addr    Size         Type   Attr      Idx    E Section Name        Object

    0x20000000   COMPRESSED   0x00000010   Data   RW         2944    .data               stm32f4xx_rcc.o
    0x20000010   COMPRESSED   0x00000018   Data   RW         5392    .data               system_stm32f4xx.o
    0x20000028   COMPRESSED   0x00000024   Data   RW         5440    .data               main.o
    0x2000004c   COMPRESSED   0x00000024   Data   RW         5567    .data               can_protocol.o
    0x20000070   COMPRESSED   0x00000020   Data   RW         5690    .data               uart.o
    0x20000090   COMPRESSED   0x00000009   Data   RW         5799    .data               ticks.o
    0x20000099   COMPRESSED   0x00000003   PAD
    0x2000009c   COMPRESSED   0x00000010   Data   RW         6139    .data               led.o
    0x200000ac   COMPRESSED   0x00000026   Data   RW         6194    .data               motor_control.o
    0x200000d2   COMPRESSED   0x00000002   PAD
    0x200000d4   COMPRESSED   0x00000021   Data   RW         6298    .data               feedback.o
    0x200000f5   COMPRESSED   0x00000003   PAD
    0x200000f8   COMPRESSED   0x00000035   Data   RW         6465    .data               garuda_receiver.o
    0x2000012d   COMPRESSED   0x00000003   PAD
    0x20000130   COMPRESSED   0x000000a4   Data   RW         6604    .data               garuda_tft.o
    0x200001d4   COMPRESSED   0x00000009   Data   RW         6659    .data               garuda_transmit.o
    0x200001dd   COMPRESSED   0x00000003   PAD
    0x200001e0        -       0x000009d0   Zero   RW         5566    .bss                can_protocol.o
    0x20000bb0        -       0x00000080   Zero   RW         5688    .bss                uart.o
    0x20000c30        -       0x00000264   Zero   RW         6192    .bss                motor_control.o
    0x20000e94        -       0x00000018   Zero   RW         6296    .bss                feedback.o
    0x20000eac        -       0x00000018   Zero   RW         6378    .bss                encoder.o
    0x20000ec4        -       0x00000246   Zero   RW         6463    .bss                garuda_receiver.o
    0x2000110a   COMPRESSED   0x00000002   PAD
    0x2000110c        -       0x00000060   Zero   RW         7291    .bss                c_w.l(libspace.o)
    0x2000116c   COMPRESSED   0x00000004   PAD
    0x20001170        -       0x00000000   Zero   RW         5428    HEAP                startup_stm32f40_41xxx.o
    0x20001170        -       0x00000800   Zero   RW         5427    STACK               startup_stm32f40_41xxx.o


==============================================================================

Image component sizes


      Code (inc. data)   RO Data    RW Data    ZI Data      Debug   Object Name

       164          4          0          0          0        663   approx_math.o
       162          8         32          0          0       6308   button.o
      1976        164          0         36       2512       9224   can_protocol.o
       120         16          0          0         24       1649   encoder.o
       826        118          0         33         24       6180   feedback.o
       822         62          0         53        582       6975   garuda_receiver.o
        24          4          0        164          0       1207   garuda_tft.o
       244         38         72          9          0       1804   garuda_transmit.o
       594         18        896          0          0      13759   gpio.o
       136         14          0         16          0       5584   led.o
       364         30          0         36          0       1709   main.o
       120         14          0          0          0       3080   misc.o
      4300         54          0         38        612      10609   motor_control.o
        60         22        392          0       2048        952   startup_stm32f40_41xxx.o
         0          0          0          0          0     257892   stm32f4xx_adc.o
      1412         26          0          0          0      16902   stm32f4xx_can.o
        48          8          0          0          0       1777   stm32f4xx_crc.o
       320         38          0          0          0      17818   stm32f4xx_dma.o
       160         12          0          0          0       4445   stm32f4xx_exti.o
       258          0          0          0          0      12013   stm32f4xx_gpio.o
        24          0          0          0          0      45030   stm32f4xx_it.o
       360         42          0         16          0      21420   stm32f4xx_rcc.o
         4          0          0          0          0       9727   stm32f4xx_spi.o
        64          4          0          0          0        752   stm32f4xx_syscfg.o
        52          0          0          0          0      23390   stm32f4xx_tim.o
       478          8          0          0          0      13261   stm32f4xx_usart.o
       556         62          0         24          0       2727   system_stm32f4xx.o
       164         26          0          9          0      28398   ticks.o
       854         64         40         32        128      11403   uart.o

    ----------------------------------------------------------------------
     14696        856       1464        480       5932     536658   Object Totals
         0          0         32          0          0          0   (incl. Generated)
        30          0          0         14          2          0   (incl. Padding)

    ----------------------------------------------------------------------

      Code (inc. data)   RO Data    RW Data    ZI Data      Debug   Library Member Name

        90          0          0          0          0          0   __dczerorl2.o
         8          0          0          0          0         68   __main.o
       392          4         17          0          0         92   __printf_flags_ss_wp.o
        14          0          0          0          0         68   __printf_wp.o
         0          0          0          0          0          0   __rtentry.o
        12          0          0          0          0          0   __rtentry2.o
         6          0          0          0          0          0   __rtentry4.o
        52          8          0          0          0          0   __scatter.o
        28          0          0          0          0          0   __scatter_zi.o
         6          0          0          0          0          0   _printf_a.o
         6          0          0          0          0          0   _printf_c.o
        44          0          0          0          0        108   _printf_char.o
        48          6          0          0          0         96   _printf_char_common.o
        40          0          0          0          0         68   _printf_charcount.o
         6          0          0          0          0          0   _printf_d.o
       120         16          0          0          0         92   _printf_dec.o
         6          0          0          0          0          0   _printf_e.o
         6          0          0          0          0          0   _printf_f.o
      1054          0          0          0          0        216   _printf_fp_dec.o
       764          8         38          0          0        100   _printf_fp_hex.o
       128         16          0          0          0         84   _printf_fp_infnan.o
         6          0          0          0          0          0   _printf_g.o
       148          4         40          0          0        160   _printf_hex_int_ll_ptr.o
         6          0          0          0          0          0   _printf_i.o
       178          0          0          0          0         88   _printf_intcommon.o
        10          0          0          0          0          0   _printf_l.o
         6          0          0          0          0          0   _printf_lc.o
        10          0          0          0          0          0   _printf_ll.o
         6          0          0          0          0          0   _printf_lld.o
         6          0          0          0          0          0   _printf_lli.o
         6          0          0          0          0          0   _printf_llo.o
         6          0          0          0          0          0   _printf_llu.o
         6          0          0          0          0          0   _printf_llx.o
       124         16          0          0          0         92   _printf_longlong_dec.o
         6          0          0          0          0          0   _printf_ls.o
         6          0          0          0          0          0   _printf_n.o
         6          0          0          0          0          0   _printf_o.o
       112         10          0          0          0        124   _printf_oct_int_ll.o
         6          0          0          0          0          0   _printf_p.o
        78          0          0          0          0        108   _printf_pad.o
         0          0          0          0          0          0   _printf_percent.o
         4          0          0          0          0          0   _printf_percent_end.o
         6          0          0          0          0          0   _printf_s.o
        82          0          0          0          0         80   _printf_str.o
        36          0          0          0          0         84   _printf_truncate.o
         6          0          0          0          0          0   _printf_u.o
        44          0          0          0          0        108   _printf_wchar.o
       188          6          8          0          0         92   _printf_wctomb.o
         6          0          0          0          0          0   _printf_x.o
        10          0          0          0          0         68   _sputc.o
        64          0          0          0          0         92   _wcrtomb.o
       228          4        148          0          0         96   bigflt0.o
      1936        128          0          0          0        672   btod.o
        18          0          0          0          0         80   exit.o
         6          0          0          0          0        152   heapauxi.o
         0          0          0          0          0          0   indicate_semi.o
        44         10        272          0          0         76   lc_ctype_c.o
        44         10         28          0          0         76   lc_numeric_c.o
         2          0          0          0          0          0   libinit.o
        34          0          0          0          0          0   libinit2.o
         2          0          0          0          0          0   libshutdown.o
         2          0          0          0          0          0   libshutdown2.o
         8          4          0          0         96         68   libspace.o
        72          0          0          0          0         76   llsdiv.o
       138          0          0          0          0         80   lludiv10.o
       238          0          0          0          0        100   lludivv7m.o
        16          4          0          0          0         76   rt_ctype_table.o
         8          4          0          0          0         68   rt_locale_intlibspace.o
         2          0          0          0          0          0   rtexit.o
        10          0          0          0          0          0   rtexit2.o
       128          0          0          0          0         68   strcmpv7m.o
        12          4          0          0          0         68   sys_exit.o
        74          0          0          0          0         80   sys_stackheap_outer.o
         2          0          0          0          0         68   use_no_semi.o
        36          4          0          0          0         76   vsprintf.o
        10          0          0          0          0        116   fpinit.o
         4          0          0          0          0        116   printf1.o
         4          0          0          0          0        116   printf2.o
         0          0          0          0          0          0   usenofp.o
        48          0          0          0          0        124   fpclassify.o

    ----------------------------------------------------------------------
      7152        266        552          0        100       4540   Library Totals
        18          0          1          0          4          0   (incl. Padding)

    ----------------------------------------------------------------------

      Code (inc. data)   RO Data    RW Data    ZI Data      Debug   Library Name

      7068        266        551          0         96       4068   c_w.l
        18          0          0          0          0        348   fz_wm.l
        48          0          0          0          0        124   m_wm.l

    ----------------------------------------------------------------------
      7152        266        552          0        100       4540   Library Totals

    ----------------------------------------------------------------------

==============================================================================


      Code (inc. data)   RO Data    RW Data    ZI Data      Debug   

     21848       1122       2016        480       6032     525914   Grand Totals
     21848       1122       2016        104       6032     525914   ELF Image Totals (compressed)
     21848       1122       2016        104          0          0   ROM Totals

==============================================================================

    Total RO  Size (Code + RO Data)                23864 (  23.30kB)
    Total RW  Size (RW Data + ZI Data)              6512 (   6.36kB)
    Total ROM Size (Code + RO Data + RW Data)      23968 (  23.41kB)

==============================================================================

